<?xml version="1.0"?>
<link_info>
   <banner>TI ARM Linker PC v16.9.0.LTS</banner>
   <copyright>Copyright (c) 1996-2015 Texas Instruments Incorporated</copyright>
   <link_time>0x5e016c0d</link_time>
   <link_errors>0x0</link_errors>
   <output_file>UltrasoundDistanceDriver.out</output_file>
   <entry_point>
      <name>_c_int00</name>
      <address>0x1d2d</address>
   </entry_point>
   <input_file_list>
      <input_file id="fl-2">
         <path>.\</path>
         <kind>object</kind>
         <file>HC-S04_Driver.obj</file>
         <name>HC-S04_Driver.obj</name>
      </input_file>
      <input_file id="fl-3">
         <path>.\</path>
         <kind>object</kind>
         <file>tm4c123gh6pm_startup_ccs.obj</file>
         <name>tm4c123gh6pm_startup_ccs.obj</name>
      </input_file>
      <input_file id="fl-4">
         <path>.\driverlib\</path>
         <kind>object</kind>
         <file>adc.obj</file>
         <name>adc.obj</name>
      </input_file>
      <input_file id="fl-5">
         <path>.\driverlib\</path>
         <kind>object</kind>
         <file>aes.obj</file>
         <name>aes.obj</name>
      </input_file>
      <input_file id="fl-6">
         <path>.\driverlib\</path>
         <kind>object</kind>
         <file>can.obj</file>
         <name>can.obj</name>
      </input_file>
      <input_file id="fl-7">
         <path>.\driverlib\</path>
         <kind>object</kind>
         <file>comp.obj</file>
         <name>comp.obj</name>
      </input_file>
      <input_file id="fl-8">
         <path>.\driverlib\</path>
         <kind>object</kind>
         <file>cpu.obj</file>
         <name>cpu.obj</name>
      </input_file>
      <input_file id="fl-9">
         <path>.\driverlib\</path>
         <kind>object</kind>
         <file>crc.obj</file>
         <name>crc.obj</name>
      </input_file>
      <input_file id="fl-a">
         <path>.\driverlib\</path>
         <kind>object</kind>
         <file>des.obj</file>
         <name>des.obj</name>
      </input_file>
      <input_file id="fl-b">
         <path>.\driverlib\</path>
         <kind>object</kind>
         <file>eeprom.obj</file>
         <name>eeprom.obj</name>
      </input_file>
      <input_file id="fl-c">
         <path>.\driverlib\</path>
         <kind>object</kind>
         <file>emac.obj</file>
         <name>emac.obj</name>
      </input_file>
      <input_file id="fl-d">
         <path>.\driverlib\</path>
         <kind>object</kind>
         <file>epi.obj</file>
         <name>epi.obj</name>
      </input_file>
      <input_file id="fl-e">
         <path>.\driverlib\</path>
         <kind>object</kind>
         <file>epi_workaround_ccs.obj</file>
         <name>epi_workaround_ccs.obj</name>
      </input_file>
      <input_file id="fl-f">
         <path>.\driverlib\</path>
         <kind>object</kind>
         <file>flash.obj</file>
         <name>flash.obj</name>
      </input_file>
      <input_file id="fl-10">
         <path>.\driverlib\</path>
         <kind>object</kind>
         <file>fpu.obj</file>
         <name>fpu.obj</name>
      </input_file>
      <input_file id="fl-11">
         <path>.\driverlib\</path>
         <kind>object</kind>
         <file>gpio.obj</file>
         <name>gpio.obj</name>
      </input_file>
      <input_file id="fl-12">
         <path>.\driverlib\</path>
         <kind>object</kind>
         <file>hibernate.obj</file>
         <name>hibernate.obj</name>
      </input_file>
      <input_file id="fl-13">
         <path>.\driverlib\</path>
         <kind>object</kind>
         <file>i2c.obj</file>
         <name>i2c.obj</name>
      </input_file>
      <input_file id="fl-14">
         <path>.\driverlib\</path>
         <kind>object</kind>
         <file>interrupt.obj</file>
         <name>interrupt.obj</name>
      </input_file>
      <input_file id="fl-15">
         <path>.\driverlib\</path>
         <kind>object</kind>
         <file>lcd.obj</file>
         <name>lcd.obj</name>
      </input_file>
      <input_file id="fl-16">
         <path>.\driverlib\</path>
         <kind>object</kind>
         <file>mpu.obj</file>
         <name>mpu.obj</name>
      </input_file>
      <input_file id="fl-17">
         <path>.\driverlib\</path>
         <kind>object</kind>
         <file>onewire.obj</file>
         <name>onewire.obj</name>
      </input_file>
      <input_file id="fl-18">
         <path>.\driverlib\</path>
         <kind>object</kind>
         <file>pwm.obj</file>
         <name>pwm.obj</name>
      </input_file>
      <input_file id="fl-19">
         <path>.\driverlib\</path>
         <kind>object</kind>
         <file>qei.obj</file>
         <name>qei.obj</name>
      </input_file>
      <input_file id="fl-1a">
         <path>.\driverlib\</path>
         <kind>object</kind>
         <file>shamd5.obj</file>
         <name>shamd5.obj</name>
      </input_file>
      <input_file id="fl-1b">
         <path>.\driverlib\</path>
         <kind>object</kind>
         <file>ssi.obj</file>
         <name>ssi.obj</name>
      </input_file>
      <input_file id="fl-1c">
         <path>.\driverlib\</path>
         <kind>object</kind>
         <file>sw_crc.obj</file>
         <name>sw_crc.obj</name>
      </input_file>
      <input_file id="fl-1d">
         <path>.\driverlib\</path>
         <kind>object</kind>
         <file>sysctl.obj</file>
         <name>sysctl.obj</name>
      </input_file>
      <input_file id="fl-1e">
         <path>.\driverlib\</path>
         <kind>object</kind>
         <file>sysexc.obj</file>
         <name>sysexc.obj</name>
      </input_file>
      <input_file id="fl-1f">
         <path>.\driverlib\</path>
         <kind>object</kind>
         <file>systick.obj</file>
         <name>systick.obj</name>
      </input_file>
      <input_file id="fl-20">
         <path>.\driverlib\</path>
         <kind>object</kind>
         <file>timer.obj</file>
         <name>timer.obj</name>
      </input_file>
      <input_file id="fl-21">
         <path>.\driverlib\</path>
         <kind>object</kind>
         <file>uart.obj</file>
         <name>uart.obj</name>
      </input_file>
      <input_file id="fl-22">
         <path>.\driverlib\</path>
         <kind>object</kind>
         <file>udma.obj</file>
         <name>udma.obj</name>
      </input_file>
      <input_file id="fl-23">
         <path>.\driverlib\</path>
         <kind>object</kind>
         <file>usb.obj</file>
         <name>usb.obj</name>
      </input_file>
      <input_file id="fl-24">
         <path>.\driverlib\</path>
         <kind>object</kind>
         <file>watchdog.obj</file>
         <name>watchdog.obj</name>
      </input_file>
      <input_file id="fl-e2">
         <path>C:\ti\ccsv7\tools\compiler\ti-cgt-arm_16.9.0.LTS\lib\</path>
         <kind>archive</kind>
         <file>rtsv7M4_T_le_v4SPD16_eabi.lib</file>
         <name>boot.obj</name>
      </input_file>
      <input_file id="fl-e3">
         <path>C:\ti\ccsv7\tools\compiler\ti-cgt-arm_16.9.0.LTS\lib\</path>
         <kind>archive</kind>
         <file>rtsv7M4_T_le_v4SPD16_eabi.lib</file>
         <name>copy_decompress_lzss.obj</name>
      </input_file>
      <input_file id="fl-e4">
         <path>C:\ti\ccsv7\tools\compiler\ti-cgt-arm_16.9.0.LTS\lib\</path>
         <kind>archive</kind>
         <file>rtsv7M4_T_le_v4SPD16_eabi.lib</file>
         <name>copy_decompress_none.obj</name>
      </input_file>
      <input_file id="fl-e5">
         <path>C:\ti\ccsv7\tools\compiler\ti-cgt-arm_16.9.0.LTS\lib\</path>
         <kind>archive</kind>
         <file>rtsv7M4_T_le_v4SPD16_eabi.lib</file>
         <name>copy_zero_init.obj</name>
      </input_file>
      <input_file id="fl-e6">
         <path>C:\ti\ccsv7\tools\compiler\ti-cgt-arm_16.9.0.LTS\lib\</path>
         <kind>archive</kind>
         <file>rtsv7M4_T_le_v4SPD16_eabi.lib</file>
         <name>exit.obj</name>
      </input_file>
      <input_file id="fl-e7">
         <path>C:\ti\ccsv7\tools\compiler\ti-cgt-arm_16.9.0.LTS\lib\</path>
         <kind>archive</kind>
         <file>rtsv7M4_T_le_v4SPD16_eabi.lib</file>
         <name>fd_mul_t2.obj</name>
      </input_file>
      <input_file id="fl-e8">
         <path>C:\ti\ccsv7\tools\compiler\ti-cgt-arm_16.9.0.LTS\lib\</path>
         <kind>archive</kind>
         <file>rtsv7M4_T_le_v4SPD16_eabi.lib</file>
         <name>fd_tou_t2.obj</name>
      </input_file>
      <input_file id="fl-e9">
         <path>C:\ti\ccsv7\tools\compiler\ti-cgt-arm_16.9.0.LTS\lib\</path>
         <kind>archive</kind>
         <file>rtsv7M4_T_le_v4SPD16_eabi.lib</file>
         <name>memcpy_t2.obj</name>
      </input_file>
      <input_file id="fl-ea">
         <path>C:\ti\ccsv7\tools\compiler\ti-cgt-arm_16.9.0.LTS\lib\</path>
         <kind>archive</kind>
         <file>rtsv7M4_T_le_v4SPD16_eabi.lib</file>
         <name>memset_t2.obj</name>
      </input_file>
      <input_file id="fl-eb">
         <path>C:\ti\ccsv7\tools\compiler\ti-cgt-arm_16.9.0.LTS\lib\</path>
         <kind>archive</kind>
         <file>rtsv7M4_T_le_v4SPD16_eabi.lib</file>
         <name>mpu_init.obj</name>
      </input_file>
      <input_file id="fl-ec">
         <path>C:\ti\ccsv7\tools\compiler\ti-cgt-arm_16.9.0.LTS\lib\</path>
         <kind>archive</kind>
         <file>rtsv7M4_T_le_v4SPD16_eabi.lib</file>
         <name>pre_init.obj</name>
      </input_file>
      <input_file id="fl-ed">
         <path>C:\ti\ccsv7\tools\compiler\ti-cgt-arm_16.9.0.LTS\lib\</path>
         <kind>archive</kind>
         <file>rtsv7M4_T_le_v4SPD16_eabi.lib</file>
         <name>stkdepth_vars.obj</name>
      </input_file>
      <input_file id="fl-ee">
         <path>C:\ti\ccsv7\tools\compiler\ti-cgt-arm_16.9.0.LTS\lib\</path>
         <kind>archive</kind>
         <file>rtsv7M4_T_le_v4SPD16_eabi.lib</file>
         <name>u_tofd_t2.obj</name>
      </input_file>
      <input_file id="fl-ef">
         <path>C:\ti\ccsv7\tools\compiler\ti-cgt-arm_16.9.0.LTS\lib\</path>
         <kind>archive</kind>
         <file>rtsv7M4_T_le_v4SPD16_eabi.lib</file>
         <name>_lock.obj</name>
      </input_file>
      <input_file id="fl-f0">
         <path>C:\ti\ccsv7\tools\compiler\ti-cgt-arm_16.9.0.LTS\lib\</path>
         <kind>archive</kind>
         <file>rtsv7M4_T_le_v4SPD16_eabi.lib</file>
         <name>args_main.obj</name>
      </input_file>
      <input_file id="fl-f1">
         <path>C:\ti\ccsv7\tools\compiler\ti-cgt-arm_16.9.0.LTS\lib\</path>
         <kind>archive</kind>
         <file>rtsv7M4_T_le_v4SPD16_eabi.lib</file>
         <name>autoinit.obj</name>
      </input_file>
      <input_file id="fl-f2">
         <path>C:\ti\ccsv7\tools\compiler\ti-cgt-arm_16.9.0.LTS\lib\</path>
         <kind>archive</kind>
         <file>rtsv7M4_T_le_v4SPD16_eabi.lib</file>
         <name>cpy_tbl.obj</name>
      </input_file>
      <input_file id="fl-f3">
         <path>C:\ti\ccsv7\tools\compiler\ti-cgt-arm_16.9.0.LTS\lib\</path>
         <kind>archive</kind>
         <file>rtsv7M4_T_le_v4SPD16_eabi.lib</file>
         <name>startup.obj</name>
      </input_file>
   </input_file_list>
   <object_component_list>
      <object_component id="oc-f">
         <name>.intvecs</name>
         <load_address>0x0</load_address>
         <run_address>0x0</run_address>
         <size>0x26c</size>
         <input_file_ref idref="fl-3"/>
      </object_component>
      <object_component id="oc-80">
         <name>.text</name>
         <load_address>0x26c</load_address>
         <run_address>0x26c</run_address>
         <size>0xf68</size>
         <input_file_ref idref="fl-1d"/>
      </object_component>
      <object_component id="oc-31">
         <name>.text</name>
         <load_address>0x11d4</load_address>
         <run_address>0x11d4</run_address>
         <size>0x4ac</size>
         <input_file_ref idref="fl-2"/>
      </object_component>
      <object_component id="oc-86">
         <name>.text</name>
         <load_address>0x1680</load_address>
         <run_address>0x1680</run_address>
         <size>0x3c0</size>
         <input_file_ref idref="fl-14"/>
      </object_component>
      <object_component id="oc-91">
         <name>.text</name>
         <load_address>0x1a40</load_address>
         <run_address>0x1a40</run_address>
         <size>0xfc</size>
         <input_file_ref idref="fl-e7"/>
      </object_component>
      <object_component id="oc-45">
         <name>.text</name>
         <load_address>0x1b3c</load_address>
         <run_address>0x1b3c</run_address>
         <size>0x9c</size>
         <input_file_ref idref="fl-e9"/>
      </object_component>
      <object_component id="oc-51">
         <name>.text</name>
         <load_address>0x1bd8</load_address>
         <run_address>0x1bd8</run_address>
         <size>0x7a</size>
         <input_file_ref idref="fl-ea"/>
      </object_component>
      <object_component id="oc-5d">
         <name>.text</name>
         <load_address>0x1c52</load_address>
         <run_address>0x1c52</run_address>
         <size>0x2</size>
         <input_file_ref idref="fl-eb"/>
      </object_component>
      <object_component id="oc-69">
         <name>.text</name>
         <load_address>0x1c54</load_address>
         <run_address>0x1c54</run_address>
         <size>0x70</size>
         <input_file_ref idref="fl-f1"/>
      </object_component>
      <object_component id="oc-12">
         <name>.text:decompress:lzss</name>
         <load_address>0x1cc4</load_address>
         <run_address>0x1cc4</run_address>
         <size>0x68</size>
         <input_file_ref idref="fl-e3"/>
      </object_component>
      <object_component id="oc-24">
         <name>.text</name>
         <load_address>0x1d2c</load_address>
         <run_address>0x1d2c</run_address>
         <size>0x54</size>
         <input_file_ref idref="fl-e2"/>
      </object_component>
      <object_component id="oc-75">
         <name>.text</name>
         <load_address>0x1d80</load_address>
         <run_address>0x1d80</run_address>
         <size>0x54</size>
         <input_file_ref idref="fl-e6"/>
      </object_component>
      <object_component id="oc-c8">
         <name>.text</name>
         <load_address>0x1dd4</load_address>
         <run_address>0x1dd4</run_address>
         <size>0x4c</size>
         <input_file_ref idref="fl-f2"/>
      </object_component>
      <object_component id="oc-96">
         <name>.text</name>
         <load_address>0x1e20</load_address>
         <run_address>0x1e20</run_address>
         <size>0x44</size>
         <input_file_ref idref="fl-e8"/>
      </object_component>
      <object_component id="oc-e6">
         <name>.text</name>
         <load_address>0x1e64</load_address>
         <run_address>0x1e64</run_address>
         <size>0x3e</size>
         <input_file_ref idref="fl-8"/>
      </object_component>
      <object_component id="oc-8c">
         <name>.text</name>
         <load_address>0x1ea2</load_address>
         <run_address>0x1ea2</run_address>
         <size>0x20</size>
         <input_file_ref idref="fl-ee"/>
      </object_component>
      <object_component id="oc-ce">
         <name>.text</name>
         <load_address>0x1ec2</load_address>
         <run_address>0x1ec2</run_address>
         <size>0x2</size>
         <input_file_ref idref="fl-f3"/>
      </object_component>
      <object_component id="oc-6f">
         <name>.text</name>
         <load_address>0x1ec4</load_address>
         <run_address>0x1ec4</run_address>
         <size>0x18</size>
         <input_file_ref idref="fl-f0"/>
      </object_component>
      <object_component id="oc-130">
         <name>.text</name>
         <load_address>0x1edc</load_address>
         <run_address>0x1edc</run_address>
         <size>0x14</size>
         <input_file_ref idref="fl-ef"/>
      </object_component>
      <object_component id="oc-18">
         <name>.text:decompress:none</name>
         <load_address>0x1ef0</load_address>
         <run_address>0x1ef0</run_address>
         <size>0xe</size>
         <input_file_ref idref="fl-e4"/>
      </object_component>
      <object_component id="oc-1e">
         <name>.text:decompress:ZI</name>
         <load_address>0x1efe</load_address>
         <run_address>0x1efe</run_address>
         <size>0xc</size>
         <input_file_ref idref="fl-e5"/>
      </object_component>
      <object_component id="oc-2b">
         <name>.text</name>
         <load_address>0x1f0a</load_address>
         <run_address>0x1f0a</run_address>
         <size>0xc</size>
         <input_file_ref idref="fl-3"/>
      </object_component>
      <object_component id="oc-f5">
         <name>.text:SysCtlDelay</name>
         <load_address>0x1f16</load_address>
         <run_address>0x1f16</run_address>
         <size>0x6</size>
         <input_file_ref idref="fl-1d"/>
      </object_component>
      <object_component id="oc-63">
         <name>.text</name>
         <load_address>0x1f1c</load_address>
         <run_address>0x1f1c</run_address>
         <size>0x4</size>
         <input_file_ref idref="fl-ec"/>
      </object_component>
      <object_component id="oc-f2">
         <name>.const:g_pppui32XTALtoVCO</name>
         <load_address>0x1f20</load_address>
         <run_address>0x1f20</run_address>
         <size>0x1b0</size>
         <input_file_ref idref="fl-1d"/>
      </object_component>
      <object_component id="oc-fe">
         <name>.const:g_pui32Regs</name>
         <load_address>0x20d0</load_address>
         <run_address>0x20d0</run_address>
         <size>0x9c</size>
         <input_file_ref idref="fl-14"/>
      </object_component>
      <object_component id="oc-ec">
         <name>.const:g_pui32Xtals</name>
         <load_address>0x216c</load_address>
         <run_address>0x216c</run_address>
         <size>0x6c</size>
         <input_file_ref idref="fl-1d"/>
      </object_component>
      <object_component id="oc-e3">
         <name>.const:g_sXTALtoMEMTIM</name>
         <load_address>0x21d8</load_address>
         <run_address>0x21d8</run_address>
         <size>0x30</size>
         <input_file_ref idref="fl-1d"/>
      </object_component>
      <object_component id="oc-fb">
         <name>.const:g_pui32Priority</name>
         <load_address>0x2208</load_address>
         <run_address>0x2208</run_address>
         <size>0x20</size>
         <input_file_ref idref="fl-14"/>
      </object_component>
      <object_component id="oc-104">
         <name>.const:g_pui32Dii16Regs</name>
         <load_address>0x2228</load_address>
         <run_address>0x2228</run_address>
         <size>0x14</size>
         <input_file_ref idref="fl-14"/>
      </object_component>
      <object_component id="oc-101">
         <name>.const:g_pui32EnRegs</name>
         <load_address>0x223c</load_address>
         <run_address>0x223c</run_address>
         <size>0x14</size>
         <input_file_ref idref="fl-14"/>
      </object_component>
      <object_component id="oc-107">
         <name>.const:g_pui32PendRegs</name>
         <load_address>0x2250</load_address>
         <run_address>0x2250</run_address>
         <size>0x14</size>
         <input_file_ref idref="fl-14"/>
      </object_component>
      <object_component id="oc-10a">
         <name>.const:g_pui32UnpendRegs</name>
         <load_address>0x2264</load_address>
         <run_address>0x2264</run_address>
         <size>0x14</size>
         <input_file_ref idref="fl-14"/>
      </object_component>
      <object_component id="oc-ef">
         <name>.const:g_pui32VCOFrequencies</name>
         <load_address>0x2278</load_address>
         <run_address>0x2278</run_address>
         <size>0x8</size>
         <input_file_ref idref="fl-1d"/>
      </object_component>
      <object_component id="oc-18c">
         <name>.cinit..data.load</name>
         <load_address>0x2280</load_address>
         <run_address>0x2280</run_address>
         <size>0x15</size>
      </object_component>
      <object_component id="oc-189">
         <name>__TI_handler_table</name>
         <load_address>0x2298</load_address>
         <run_address>0x2298</run_address>
         <size>0xc</size>
      </object_component>
      <object_component id="oc-18d">
         <name>.cinit..bss.load</name>
         <load_address>0x22a8</load_address>
         <run_address>0x22a8</run_address>
         <size>0x8</size>
      </object_component>
      <object_component id="oc-18b">
         <name>.cinit..vtable.load</name>
         <load_address>0x22b0</load_address>
         <run_address>0x22b0</run_address>
         <size>0x8</size>
      </object_component>
      <object_component id="oc-18a">
         <name>__TI_cinit_table</name>
         <load_address>0x22b8</load_address>
         <run_address>0x22b8</run_address>
         <size>0x18</size>
      </object_component>
      <object_component id="oc-f8">
         <name>.vtable</name>
         <uninitialized>true</uninitialized>
         <run_address>0x20000000</run_address>
         <size>0x26c</size>
         <input_file_ref idref="fl-14"/>
      </object_component>
      <object_component id="oc-9e">
         <name>.data</name>
         <load_address>0x20000478</load_address>
         <run_address>0x20000478</run_address>
         <size>0xc</size>
         <input_file_ref idref="fl-2"/>
      </object_component>
      <object_component id="oc-d8">
         <name>.data:$O1$$</name>
         <load_address>0x2000046c</load_address>
         <run_address>0x2000046c</run_address>
         <size>0xc</size>
         <input_file_ref idref="fl-e6"/>
      </object_component>
      <object_component id="oc-7b">
         <name>.data</name>
         <load_address>0x2000048c</load_address>
         <run_address>0x2000048c</run_address>
         <size>0x4</size>
         <input_file_ref idref="fl-ed"/>
      </object_component>
      <object_component id="oc-db">
         <name>.data:$O1$$</name>
         <load_address>0x20000484</load_address>
         <run_address>0x20000484</run_address>
         <size>0x8</size>
         <input_file_ref idref="fl-ef"/>
      </object_component>
      <object_component id="oc-a1">
         <name>.common:distanceCM</name>
         <uninitialized>true</uninitialized>
         <run_address>0x20000498</run_address>
         <size>0x2</size>
      </object_component>
      <object_component id="oc-a2">
         <name>.common:overFlowCount</name>
         <uninitialized>true</uninitialized>
         <run_address>0x20000494</run_address>
         <size>0x4</size>
      </object_component>
      <object_component id="oc-9b">
         <name>.common:count</name>
         <uninitialized>true</uninitialized>
         <run_address>0x20000490</run_address>
         <size>0x4</size>
      </object_component>
      <object_component id="oc-2a">
         <name>.stack</name>
         <uninitialized>true</uninitialized>
         <run_address>0x2000026c</run_address>
         <size>0x0</size>
         <input_file_ref idref="fl-e2"/>
      </object_component>
      <object_component id="oc-18e">
         <name>.stack</name>
         <uninitialized>true</uninitialized>
         <run_address>0x2000026c</run_address>
         <size>0x0</size>
      </object_component>
      <object_component id="oc-9c">
         <name>.debug_info</name>
         <load_address>0x0</load_address>
         <run_address>0x0</run_address>
         <size>0x216</size>
         <input_file_ref idref="fl-2"/>
      </object_component>
      <object_component id="oc-9f">
         <name>.debug_info</name>
         <load_address>0x216</load_address>
         <run_address>0x216</run_address>
         <size>0x138</size>
         <input_file_ref idref="fl-2"/>
      </object_component>
      <object_component id="oc-32">
         <name>.debug_info</name>
         <load_address>0x34e</load_address>
         <run_address>0x34e</run_address>
         <size>0x843</size>
         <input_file_ref idref="fl-2"/>
      </object_component>
      <object_component id="oc-a4">
         <name>.debug_info</name>
         <load_address>0xb91</load_address>
         <run_address>0xb91</run_address>
         <size>0x8b</size>
         <input_file_ref idref="fl-2"/>
      </object_component>
      <object_component id="oc-ab">
         <name>.debug_info</name>
         <load_address>0xc1c</load_address>
         <run_address>0xc1c</run_address>
         <size>0x18b</size>
         <input_file_ref idref="fl-2"/>
      </object_component>
      <object_component id="oc-39">
         <name>.debug_info</name>
         <load_address>0xda7</load_address>
         <run_address>0xda7</run_address>
         <size>0x1c4</size>
         <input_file_ref idref="fl-3"/>
      </object_component>
      <object_component id="oc-10">
         <name>.debug_info</name>
         <load_address>0xf6b</load_address>
         <run_address>0xf6b</run_address>
         <size>0xf1</size>
         <input_file_ref idref="fl-3"/>
      </object_component>
      <object_component id="oc-2c">
         <name>.debug_info</name>
         <load_address>0x105c</load_address>
         <run_address>0x105c</run_address>
         <size>0x26d</size>
         <input_file_ref idref="fl-3"/>
      </object_component>
      <object_component id="oc-40">
         <name>.debug_info</name>
         <load_address>0x12c9</load_address>
         <run_address>0x12c9</run_address>
         <size>0x84</size>
         <input_file_ref idref="fl-3"/>
      </object_component>
      <object_component id="oc-ea">
         <name>.debug_info</name>
         <load_address>0x134d</load_address>
         <run_address>0x134d</run_address>
         <size>0x594</size>
         <input_file_ref idref="fl-8"/>
      </object_component>
      <object_component id="oc-10e">
         <name>.debug_info</name>
         <load_address>0x18e1</load_address>
         <run_address>0x18e1</run_address>
         <size>0x1c1</size>
         <input_file_ref idref="fl-14"/>
      </object_component>
      <object_component id="oc-fc">
         <name>.debug_info</name>
         <load_address>0x1aa2</load_address>
         <run_address>0x1aa2</run_address>
         <size>0x11f</size>
         <input_file_ref idref="fl-14"/>
      </object_component>
      <object_component id="oc-ff">
         <name>.debug_info</name>
         <load_address>0x1bc1</load_address>
         <run_address>0x1bc1</run_address>
         <size>0x117</size>
         <input_file_ref idref="fl-14"/>
      </object_component>
      <object_component id="oc-102">
         <name>.debug_info</name>
         <load_address>0x1cd8</load_address>
         <run_address>0x1cd8</run_address>
         <size>0x11b</size>
         <input_file_ref idref="fl-14"/>
      </object_component>
      <object_component id="oc-105">
         <name>.debug_info</name>
         <load_address>0x1df3</load_address>
         <run_address>0x1df3</run_address>
         <size>0x121</size>
         <input_file_ref idref="fl-14"/>
      </object_component>
      <object_component id="oc-108">
         <name>.debug_info</name>
         <load_address>0x1f14</load_address>
         <run_address>0x1f14</run_address>
         <size>0x11f</size>
         <input_file_ref idref="fl-14"/>
      </object_component>
      <object_component id="oc-10b">
         <name>.debug_info</name>
         <load_address>0x2033</load_address>
         <run_address>0x2033</run_address>
         <size>0x123</size>
         <input_file_ref idref="fl-14"/>
      </object_component>
      <object_component id="oc-f9">
         <name>.debug_info</name>
         <load_address>0x2156</load_address>
         <run_address>0x2156</run_address>
         <size>0x120</size>
         <input_file_ref idref="fl-14"/>
      </object_component>
      <object_component id="oc-89">
         <name>.debug_info</name>
         <load_address>0x2276</load_address>
         <run_address>0x2276</run_address>
         <size>0x133c</size>
         <input_file_ref idref="fl-14"/>
      </object_component>
      <object_component id="oc-f7">
         <name>.debug_info</name>
         <load_address>0x35b2</load_address>
         <run_address>0x35b2</run_address>
         <size>0x246</size>
         <input_file_ref idref="fl-1d"/>
      </object_component>
      <object_component id="oc-ed">
         <name>.debug_info</name>
         <load_address>0x37f8</load_address>
         <run_address>0x37f8</run_address>
         <size>0x116</size>
         <input_file_ref idref="fl-1d"/>
      </object_component>
      <object_component id="oc-f3">
         <name>.debug_info</name>
         <load_address>0x390e</load_address>
         <run_address>0x390e</run_address>
         <size>0x122</size>
         <input_file_ref idref="fl-1d"/>
      </object_component>
      <object_component id="oc-e4">
         <name>.debug_info</name>
         <load_address>0x3a30</load_address>
         <run_address>0x3a30</run_address>
         <size>0x11c</size>
         <input_file_ref idref="fl-1d"/>
      </object_component>
      <object_component id="oc-f0">
         <name>.debug_info</name>
         <load_address>0x3b4c</load_address>
         <run_address>0x3b4c</run_address>
         <size>0x129</size>
         <input_file_ref idref="fl-1d"/>
      </object_component>
      <object_component id="oc-82">
         <name>.debug_info</name>
         <load_address>0x3c75</load_address>
         <run_address>0x3c75</run_address>
         <size>0x3fc6</size>
         <input_file_ref idref="fl-1d"/>
      </object_component>
      <object_component id="oc-147">
         <name>.debug_info</name>
         <load_address>0x7c3b</load_address>
         <run_address>0x7c3b</run_address>
         <size>0x51</size>
         <input_file_ref idref="fl-1d"/>
      </object_component>
      <object_component id="oc-25">
         <name>.debug_info</name>
         <load_address>0x7c8c</load_address>
         <run_address>0x7c8c</run_address>
         <size>0x160</size>
         <input_file_ref idref="fl-e2"/>
      </object_component>
      <object_component id="oc-b5">
         <name>.debug_info</name>
         <load_address>0x7dec</load_address>
         <run_address>0x7dec</run_address>
         <size>0xf9</size>
         <input_file_ref idref="fl-e3"/>
      </object_component>
      <object_component id="oc-15">
         <name>.debug_info</name>
         <load_address>0x7ee5</load_address>
         <run_address>0x7ee5</run_address>
         <size>0x245</size>
         <input_file_ref idref="fl-e3"/>
      </object_component>
      <object_component id="oc-3b">
         <name>.debug_info</name>
         <load_address>0x812a</load_address>
         <run_address>0x812a</run_address>
         <size>0x60</size>
         <input_file_ref idref="fl-e3"/>
      </object_component>
      <object_component id="oc-b0">
         <name>.debug_info</name>
         <load_address>0x818a</load_address>
         <run_address>0x818a</run_address>
         <size>0x46</size>
         <input_file_ref idref="fl-e3"/>
      </object_component>
      <object_component id="oc-50">
         <name>.debug_info</name>
         <load_address>0x81d0</load_address>
         <run_address>0x81d0</run_address>
         <size>0x140</size>
         <input_file_ref idref="fl-e4"/>
      </object_component>
      <object_component id="oc-19">
         <name>.debug_info</name>
         <load_address>0x8310</load_address>
         <run_address>0x8310</run_address>
         <size>0x1df</size>
         <input_file_ref idref="fl-e4"/>
      </object_component>
      <object_component id="oc-4b">
         <name>.debug_info</name>
         <load_address>0x84ef</load_address>
         <run_address>0x84ef</run_address>
         <size>0x46</size>
         <input_file_ref idref="fl-e4"/>
      </object_component>
      <object_component id="oc-b7">
         <name>.debug_info</name>
         <load_address>0x8535</load_address>
         <run_address>0x8535</run_address>
         <size>0x2c</size>
         <input_file_ref idref="fl-e4"/>
      </object_component>
      <object_component id="oc-5c">
         <name>.debug_info</name>
         <load_address>0x8561</load_address>
         <run_address>0x8561</run_address>
         <size>0x12f</size>
         <input_file_ref idref="fl-e5"/>
      </object_component>
      <object_component id="oc-1f">
         <name>.debug_info</name>
         <load_address>0x8690</load_address>
         <run_address>0x8690</run_address>
         <size>0x1aa</size>
         <input_file_ref idref="fl-e5"/>
      </object_component>
      <object_component id="oc-57">
         <name>.debug_info</name>
         <load_address>0x883a</load_address>
         <run_address>0x883a</run_address>
         <size>0x46</size>
         <input_file_ref idref="fl-e5"/>
      </object_component>
      <object_component id="oc-bf">
         <name>.debug_info</name>
         <load_address>0x8880</load_address>
         <run_address>0x8880</run_address>
         <size>0x2c</size>
         <input_file_ref idref="fl-e5"/>
      </object_component>
      <object_component id="oc-df">
         <name>.debug_info</name>
         <load_address>0x88ac</load_address>
         <run_address>0x88ac</run_address>
         <size>0x234</size>
         <input_file_ref idref="fl-e6"/>
      </object_component>
      <object_component id="oc-d9">
         <name>.debug_info</name>
         <load_address>0x8ae0</load_address>
         <run_address>0x8ae0</run_address>
         <size>0x185</size>
         <input_file_ref idref="fl-e6"/>
      </object_component>
      <object_component id="oc-76">
         <name>.debug_info</name>
         <load_address>0x8c65</load_address>
         <run_address>0x8c65</run_address>
         <size>0x214</size>
         <input_file_ref idref="fl-e6"/>
      </object_component>
      <object_component id="oc-92">
         <name>.debug_info</name>
         <load_address>0x8e79</load_address>
         <run_address>0x8e79</run_address>
         <size>0x132</size>
         <input_file_ref idref="fl-e7"/>
      </object_component>
      <object_component id="oc-99">
         <name>.debug_info</name>
         <load_address>0x8fab</load_address>
         <run_address>0x8fab</run_address>
         <size>0x131</size>
         <input_file_ref idref="fl-e8"/>
      </object_component>
      <object_component id="oc-46">
         <name>.debug_info</name>
         <load_address>0x90dc</load_address>
         <run_address>0x90dc</run_address>
         <size>0x111</size>
         <input_file_ref idref="fl-e9"/>
      </object_component>
      <object_component id="oc-53">
         <name>.debug_info</name>
         <load_address>0x91ed</load_address>
         <run_address>0x91ed</run_address>
         <size>0x13f</size>
         <input_file_ref idref="fl-ea"/>
      </object_component>
      <object_component id="oc-5f">
         <name>.debug_info</name>
         <load_address>0x932c</load_address>
         <run_address>0x932c</run_address>
         <size>0x138</size>
         <input_file_ref idref="fl-eb"/>
      </object_component>
      <object_component id="oc-64">
         <name>.debug_info</name>
         <load_address>0x9464</load_address>
         <run_address>0x9464</run_address>
         <size>0x148</size>
         <input_file_ref idref="fl-ec"/>
      </object_component>
      <object_component id="oc-7c">
         <name>.debug_info</name>
         <load_address>0x95ac</load_address>
         <run_address>0x95ac</run_address>
         <size>0x109</size>
         <input_file_ref idref="fl-ed"/>
      </object_component>
      <object_component id="oc-8d">
         <name>.debug_info</name>
         <load_address>0x96b5</load_address>
         <run_address>0x96b5</run_address>
         <size>0x126</size>
         <input_file_ref idref="fl-ee"/>
      </object_component>
      <object_component id="oc-138">
         <name>.debug_info</name>
         <load_address>0x97db</load_address>
         <run_address>0x97db</run_address>
         <size>0x124</size>
         <input_file_ref idref="fl-ef"/>
      </object_component>
      <object_component id="oc-dc">
         <name>.debug_info</name>
         <load_address>0x98ff</load_address>
         <run_address>0x98ff</run_address>
         <size>0x113</size>
         <input_file_ref idref="fl-ef"/>
      </object_component>
      <object_component id="oc-131">
         <name>.debug_info</name>
         <load_address>0x9a12</load_address>
         <run_address>0x9a12</run_address>
         <size>0x21f</size>
         <input_file_ref idref="fl-ef"/>
      </object_component>
      <object_component id="oc-d7">
         <name>.debug_info</name>
         <load_address>0x9c31</load_address>
         <run_address>0x9c31</run_address>
         <size>0x166</size>
         <input_file_ref idref="fl-f0"/>
      </object_component>
      <object_component id="oc-71">
         <name>.debug_info</name>
         <load_address>0x9d97</load_address>
         <run_address>0x9d97</run_address>
         <size>0x167</size>
         <input_file_ref idref="fl-f0"/>
      </object_component>
      <object_component id="oc-129">
         <name>.debug_info</name>
         <load_address>0x9efe</load_address>
         <run_address>0x9efe</run_address>
         <size>0x5e</size>
         <input_file_ref idref="fl-f0"/>
      </object_component>
      <object_component id="oc-d5">
         <name>.debug_info</name>
         <load_address>0x9f5c</load_address>
         <run_address>0x9f5c</run_address>
         <size>0x2e9</size>
         <input_file_ref idref="fl-f1"/>
      </object_component>
      <object_component id="oc-6c">
         <name>.debug_info</name>
         <load_address>0xa245</load_address>
         <run_address>0xa245</run_address>
         <size>0x190</size>
         <input_file_ref idref="fl-f1"/>
      </object_component>
      <object_component id="oc-11d">
         <name>.debug_info</name>
         <load_address>0xa3d5</load_address>
         <run_address>0xa3d5</run_address>
         <size>0x39</size>
         <input_file_ref idref="fl-f1"/>
      </object_component>
      <object_component id="oc-162">
         <name>.debug_info</name>
         <load_address>0xa40e</load_address>
         <run_address>0xa40e</run_address>
         <size>0x39</size>
         <input_file_ref idref="fl-f1"/>
      </object_component>
      <object_component id="oc-122">
         <name>.debug_info</name>
         <load_address>0xa447</load_address>
         <run_address>0xa447</run_address>
         <size>0xcd</size>
         <input_file_ref idref="fl-f1"/>
      </object_component>
      <object_component id="oc-119">
         <name>.debug_info</name>
         <load_address>0xa514</load_address>
         <run_address>0xa514</run_address>
         <size>0x1e0</size>
         <input_file_ref idref="fl-f2"/>
      </object_component>
      <object_component id="oc-cb">
         <name>.debug_info</name>
         <load_address>0xa6f4</load_address>
         <run_address>0xa6f4</run_address>
         <size>0x183</size>
         <input_file_ref idref="fl-f2"/>
      </object_component>
      <object_component id="oc-15d">
         <name>.debug_info</name>
         <load_address>0xa877</load_address>
         <run_address>0xa877</run_address>
         <size>0x2c</size>
         <input_file_ref idref="fl-f2"/>
      </object_component>
      <object_component id="oc-d2">
         <name>.debug_info</name>
         <load_address>0xa8a3</load_address>
         <run_address>0xa8a3</run_address>
         <size>0x145</size>
         <input_file_ref idref="fl-f3"/>
      </object_component>
      <object_component id="oc-18f">
         <name>.debug_info</name>
         <load_address>0xa9e8</load_address>
         <run_address>0xa9e8</run_address>
         <size>0xa7</size>
      </object_component>
      <object_component id="oc-113">
         <name>.debug_line</name>
         <load_address>0x0</load_address>
         <run_address>0x0</run_address>
         <size>0xc7</size>
         <input_file_ref idref="fl-2"/>
      </object_component>
      <object_component id="oc-115">
         <name>.debug_line</name>
         <load_address>0xc7</load_address>
         <run_address>0xc7</run_address>
         <size>0x36</size>
         <input_file_ref idref="fl-2"/>
      </object_component>
      <object_component id="oc-35">
         <name>.debug_line</name>
         <load_address>0xfd</load_address>
         <run_address>0xfd</run_address>
         <size>0x231</size>
         <input_file_ref idref="fl-2"/>
      </object_component>
      <object_component id="oc-a7">
         <name>.debug_line</name>
         <load_address>0x32e</load_address>
         <run_address>0x32e</run_address>
         <size>0x20</size>
         <input_file_ref idref="fl-2"/>
      </object_component>
      <object_component id="oc-ae">
         <name>.debug_line</name>
         <load_address>0x34e</load_address>
         <run_address>0x34e</run_address>
         <size>0x65</size>
         <input_file_ref idref="fl-2"/>
      </object_component>
      <object_component id="oc-aa">
         <name>.debug_line</name>
         <load_address>0x3b3</load_address>
         <run_address>0x3b3</run_address>
         <size>0x41</size>
         <input_file_ref idref="fl-3"/>
      </object_component>
      <object_component id="oc-38">
         <name>.debug_line</name>
         <load_address>0x3f4</load_address>
         <run_address>0x3f4</run_address>
         <size>0x41</size>
         <input_file_ref idref="fl-3"/>
      </object_component>
      <object_component id="oc-2f">
         <name>.debug_line</name>
         <load_address>0x435</load_address>
         <run_address>0x435</run_address>
         <size>0xa1</size>
         <input_file_ref idref="fl-3"/>
      </object_component>
      <object_component id="oc-43">
         <name>.debug_line</name>
         <load_address>0x4d6</load_address>
         <run_address>0x4d6</run_address>
         <size>0x20</size>
         <input_file_ref idref="fl-3"/>
      </object_component>
      <object_component id="oc-e9">
         <name>.debug_line</name>
         <load_address>0x4f6</load_address>
         <run_address>0x4f6</run_address>
         <size>0x107</size>
         <input_file_ref idref="fl-8"/>
      </object_component>
      <object_component id="oc-15a">
         <name>.debug_line</name>
         <load_address>0x5fd</load_address>
         <run_address>0x5fd</run_address>
         <size>0x64</size>
         <input_file_ref idref="fl-14"/>
      </object_component>
      <object_component id="oc-14e">
         <name>.debug_line</name>
         <load_address>0x661</load_address>
         <run_address>0x661</run_address>
         <size>0x6a</size>
         <input_file_ref idref="fl-14"/>
      </object_component>
      <object_component id="oc-150">
         <name>.debug_line</name>
         <load_address>0x6cb</load_address>
         <run_address>0x6cb</run_address>
         <size>0x6a</size>
         <input_file_ref idref="fl-14"/>
      </object_component>
      <object_component id="oc-152">
         <name>.debug_line</name>
         <load_address>0x735</load_address>
         <run_address>0x735</run_address>
         <size>0x6a</size>
         <input_file_ref idref="fl-14"/>
      </object_component>
      <object_component id="oc-154">
         <name>.debug_line</name>
         <load_address>0x79f</load_address>
         <run_address>0x79f</run_address>
         <size>0x6a</size>
         <input_file_ref idref="fl-14"/>
      </object_component>
      <object_component id="oc-156">
         <name>.debug_line</name>
         <load_address>0x809</load_address>
         <run_address>0x809</run_address>
         <size>0x6a</size>
         <input_file_ref idref="fl-14"/>
      </object_component>
      <object_component id="oc-158">
         <name>.debug_line</name>
         <load_address>0x873</load_address>
         <run_address>0x873</run_address>
         <size>0x6a</size>
         <input_file_ref idref="fl-14"/>
      </object_component>
      <object_component id="oc-14c">
         <name>.debug_line</name>
         <load_address>0x8dd</load_address>
         <run_address>0x8dd</run_address>
         <size>0x6a</size>
         <input_file_ref idref="fl-14"/>
      </object_component>
      <object_component id="oc-88">
         <name>.debug_line</name>
         <load_address>0x947</load_address>
         <run_address>0x947</run_address>
         <size>0x31b</size>
         <input_file_ref idref="fl-14"/>
      </object_component>
      <object_component id="oc-146">
         <name>.debug_line</name>
         <load_address>0xc62</load_address>
         <run_address>0xc62</run_address>
         <size>0xf5</size>
         <input_file_ref idref="fl-1d"/>
      </object_component>
      <object_component id="oc-140">
         <name>.debug_line</name>
         <load_address>0xd57</load_address>
         <run_address>0xd57</run_address>
         <size>0x67</size>
         <input_file_ref idref="fl-1d"/>
      </object_component>
      <object_component id="oc-144">
         <name>.debug_line</name>
         <load_address>0xdbe</load_address>
         <run_address>0xdbe</run_address>
         <size>0x67</size>
         <input_file_ref idref="fl-1d"/>
      </object_component>
      <object_component id="oc-13d">
         <name>.debug_line</name>
         <load_address>0xe25</load_address>
         <run_address>0xe25</run_address>
         <size>0x67</size>
         <input_file_ref idref="fl-1d"/>
      </object_component>
      <object_component id="oc-142">
         <name>.debug_line</name>
         <load_address>0xe8c</load_address>
         <run_address>0xe8c</run_address>
         <size>0x67</size>
         <input_file_ref idref="fl-1d"/>
      </object_component>
      <object_component id="oc-81">
         <name>.debug_line</name>
         <load_address>0xef3</load_address>
         <run_address>0xef3</run_address>
         <size>0x9c7</size>
         <input_file_ref idref="fl-1d"/>
      </object_component>
      <object_component id="oc-149">
         <name>.debug_line</name>
         <load_address>0x18ba</load_address>
         <run_address>0x18ba</run_address>
         <size>0x67</size>
         <input_file_ref idref="fl-1d"/>
      </object_component>
      <object_component id="oc-28">
         <name>.debug_line</name>
         <load_address>0x1921</load_address>
         <run_address>0x1921</run_address>
         <size>0x53</size>
         <input_file_ref idref="fl-e2"/>
      </object_component>
      <object_component id="oc-117">
         <name>.debug_line</name>
         <load_address>0x1974</load_address>
         <run_address>0x1974</run_address>
         <size>0x20</size>
         <input_file_ref idref="fl-e3"/>
      </object_component>
      <object_component id="oc-14">
         <name>.debug_line</name>
         <load_address>0x1994</load_address>
         <run_address>0x1994</run_address>
         <size>0xa9</size>
         <input_file_ref idref="fl-e3"/>
      </object_component>
      <object_component id="oc-3e">
         <name>.debug_line</name>
         <load_address>0x1a3d</load_address>
         <run_address>0x1a3d</run_address>
         <size>0x3a</size>
         <input_file_ref idref="fl-e3"/>
      </object_component>
      <object_component id="oc-b3">
         <name>.debug_line</name>
         <load_address>0x1a77</load_address>
         <run_address>0x1a77</run_address>
         <size>0x8a</size>
         <input_file_ref idref="fl-e3"/>
      </object_component>
      <object_component id="oc-bd">
         <name>.debug_line</name>
         <load_address>0x1b01</load_address>
         <run_address>0x1b01</run_address>
         <size>0x8a</size>
         <input_file_ref idref="fl-e4"/>
      </object_component>
      <object_component id="oc-1c">
         <name>.debug_line</name>
         <load_address>0x1b8b</load_address>
         <run_address>0x1b8b</run_address>
         <size>0x55</size>
         <input_file_ref idref="fl-e4"/>
      </object_component>
      <object_component id="oc-4e">
         <name>.debug_line</name>
         <load_address>0x1be0</load_address>
         <run_address>0x1be0</run_address>
         <size>0x3a</size>
         <input_file_ref idref="fl-e4"/>
      </object_component>
      <object_component id="oc-ba">
         <name>.debug_line</name>
         <load_address>0x1c1a</load_address>
         <run_address>0x1c1a</run_address>
         <size>0x8a</size>
         <input_file_ref idref="fl-e4"/>
      </object_component>
      <object_component id="oc-c5">
         <name>.debug_line</name>
         <load_address>0x1ca4</load_address>
         <run_address>0x1ca4</run_address>
         <size>0x8a</size>
         <input_file_ref idref="fl-e5"/>
      </object_component>
      <object_component id="oc-23">
         <name>.debug_line</name>
         <load_address>0x1d2e</load_address>
         <run_address>0x1d2e</run_address>
         <size>0x4f</size>
         <input_file_ref idref="fl-e5"/>
      </object_component>
      <object_component id="oc-5a">
         <name>.debug_line</name>
         <load_address>0x1d7d</load_address>
         <run_address>0x1d7d</run_address>
         <size>0x34</size>
         <input_file_ref idref="fl-e5"/>
      </object_component>
      <object_component id="oc-c2">
         <name>.debug_line</name>
         <load_address>0x1db1</load_address>
         <run_address>0x1db1</run_address>
         <size>0x8a</size>
         <input_file_ref idref="fl-e5"/>
      </object_component>
      <object_component id="oc-13b">
         <name>.debug_line</name>
         <load_address>0x1e3b</load_address>
         <run_address>0x1e3b</run_address>
         <size>0xf2</size>
         <input_file_ref idref="fl-e6"/>
      </object_component>
      <object_component id="oc-12f">
         <name>.debug_line</name>
         <load_address>0x1f2d</load_address>
         <run_address>0x1f2d</run_address>
         <size>0x2a</size>
         <input_file_ref idref="fl-e6"/>
      </object_component>
      <object_component id="oc-79">
         <name>.debug_line</name>
         <load_address>0x1f57</load_address>
         <run_address>0x1f57</run_address>
         <size>0x86</size>
         <input_file_ref idref="fl-e6"/>
      </object_component>
      <object_component id="oc-95">
         <name>.debug_line</name>
         <load_address>0x1fdd</load_address>
         <run_address>0x1fdd</run_address>
         <size>0x8e</size>
         <input_file_ref idref="fl-e7"/>
      </object_component>
      <object_component id="oc-97">
         <name>.debug_line</name>
         <load_address>0x206b</load_address>
         <run_address>0x206b</run_address>
         <size>0x59</size>
         <input_file_ref idref="fl-e8"/>
      </object_component>
      <object_component id="oc-49">
         <name>.debug_line</name>
         <load_address>0x20c4</load_address>
         <run_address>0x20c4</run_address>
         <size>0x88</size>
         <input_file_ref idref="fl-e9"/>
      </object_component>
      <object_component id="oc-52">
         <name>.debug_line</name>
         <load_address>0x214c</load_address>
         <run_address>0x214c</run_address>
         <size>0x79</size>
         <input_file_ref idref="fl-ea"/>
      </object_component>
      <object_component id="oc-62">
         <name>.debug_line</name>
         <load_address>0x21c5</load_address>
         <run_address>0x21c5</run_address>
         <size>0x3d</size>
         <input_file_ref idref="fl-eb"/>
      </object_component>
      <object_component id="oc-67">
         <name>.debug_line</name>
         <load_address>0x2202</load_address>
         <run_address>0x2202</run_address>
         <size>0x40</size>
         <input_file_ref idref="fl-ec"/>
      </object_component>
      <object_component id="oc-e2">
         <name>.debug_line</name>
         <load_address>0x2242</load_address>
         <run_address>0x2242</run_address>
         <size>0x33</size>
         <input_file_ref idref="fl-ed"/>
      </object_component>
      <object_component id="oc-90">
         <name>.debug_line</name>
         <load_address>0x2275</load_address>
         <run_address>0x2275</run_address>
         <size>0x4c</size>
         <input_file_ref idref="fl-ee"/>
      </object_component>
      <object_component id="oc-169">
         <name>.debug_line</name>
         <load_address>0x22c1</load_address>
         <run_address>0x22c1</run_address>
         <size>0x20</size>
         <input_file_ref idref="fl-ef"/>
      </object_component>
      <object_component id="oc-137">
         <name>.debug_line</name>
         <load_address>0x22e1</load_address>
         <run_address>0x22e1</run_address>
         <size>0x2b</size>
         <input_file_ref idref="fl-ef"/>
      </object_component>
      <object_component id="oc-135">
         <name>.debug_line</name>
         <load_address>0x230c</load_address>
         <run_address>0x230c</run_address>
         <size>0x68</size>
         <input_file_ref idref="fl-ef"/>
      </object_component>
      <object_component id="oc-128">
         <name>.debug_line</name>
         <load_address>0x2374</load_address>
         <run_address>0x2374</run_address>
         <size>0x2b</size>
         <input_file_ref idref="fl-f0"/>
      </object_component>
      <object_component id="oc-70">
         <name>.debug_line</name>
         <load_address>0x239f</load_address>
         <run_address>0x239f</run_address>
         <size>0x4a</size>
         <input_file_ref idref="fl-f0"/>
      </object_component>
      <object_component id="oc-12c">
         <name>.debug_line</name>
         <load_address>0x23e9</load_address>
         <run_address>0x23e9</run_address>
         <size>0x2b</size>
         <input_file_ref idref="fl-f0"/>
      </object_component>
      <object_component id="oc-11c">
         <name>.debug_line</name>
         <load_address>0x2414</load_address>
         <run_address>0x2414</run_address>
         <size>0xa9</size>
         <input_file_ref idref="fl-f1"/>
      </object_component>
      <object_component id="oc-6e">
         <name>.debug_line</name>
         <load_address>0x24bd</load_address>
         <run_address>0x24bd</run_address>
         <size>0x8b</size>
         <input_file_ref idref="fl-f1"/>
      </object_component>
      <object_component id="oc-120">
         <name>.debug_line</name>
         <load_address>0x2548</load_address>
         <run_address>0x2548</run_address>
         <size>0x2e</size>
         <input_file_ref idref="fl-f1"/>
      </object_component>
      <object_component id="oc-165">
         <name>.debug_line</name>
         <load_address>0x2576</load_address>
         <run_address>0x2576</run_address>
         <size>0x8a</size>
         <input_file_ref idref="fl-f1"/>
      </object_component>
      <object_component id="oc-125">
         <name>.debug_line</name>
         <load_address>0x2600</load_address>
         <run_address>0x2600</run_address>
         <size>0x8b</size>
         <input_file_ref idref="fl-f1"/>
      </object_component>
      <object_component id="oc-15c">
         <name>.debug_line</name>
         <load_address>0x268b</load_address>
         <run_address>0x268b</run_address>
         <size>0x98</size>
         <input_file_ref idref="fl-f2"/>
      </object_component>
      <object_component id="oc-ca">
         <name>.debug_line</name>
         <load_address>0x2723</load_address>
         <run_address>0x2723</run_address>
         <size>0x68</size>
         <input_file_ref idref="fl-f2"/>
      </object_component>
      <object_component id="oc-160">
         <name>.debug_line</name>
         <load_address>0x278b</load_address>
         <run_address>0x278b</run_address>
         <size>0x2e</size>
         <input_file_ref idref="fl-f2"/>
      </object_component>
      <object_component id="oc-d1">
         <name>.debug_line</name>
         <load_address>0x27b9</load_address>
         <run_address>0x27b9</run_address>
         <size>0x3c</size>
         <input_file_ref idref="fl-f3"/>
      </object_component>
      <object_component id="oc-36">
         <name>.debug_frame</name>
         <load_address>0x0</load_address>
         <run_address>0x0</run_address>
         <size>0x164</size>
         <input_file_ref idref="fl-2"/>
      </object_component>
      <object_component id="oc-30">
         <name>.debug_frame</name>
         <load_address>0x164</load_address>
         <run_address>0x164</run_address>
         <size>0x84</size>
         <input_file_ref idref="fl-3"/>
      </object_component>
      <object_component id="oc-e7">
         <name>.debug_frame</name>
         <load_address>0x1e8</load_address>
         <run_address>0x1e8</run_address>
         <size>0xac</size>
         <input_file_ref idref="fl-8"/>
      </object_component>
      <object_component id="oc-87">
         <name>.debug_frame</name>
         <load_address>0x294</load_address>
         <run_address>0x294</run_address>
         <size>0x1c5</size>
         <input_file_ref idref="fl-14"/>
      </object_component>
      <object_component id="oc-85">
         <name>.debug_frame</name>
         <load_address>0x459</load_address>
         <run_address>0x459</run_address>
         <size>0x562</size>
         <input_file_ref idref="fl-1d"/>
      </object_component>
      <object_component id="oc-17">
         <name>.debug_frame</name>
         <load_address>0x9bb</load_address>
         <run_address>0x9bb</run_address>
         <size>0x60</size>
         <input_file_ref idref="fl-e3"/>
      </object_component>
      <object_component id="oc-1d">
         <name>.debug_frame</name>
         <load_address>0xa1b</load_address>
         <run_address>0xa1b</run_address>
         <size>0x51</size>
         <input_file_ref idref="fl-e4"/>
      </object_component>
      <object_component id="oc-22">
         <name>.debug_frame</name>
         <load_address>0xa6c</load_address>
         <run_address>0xa6c</run_address>
         <size>0x51</size>
         <input_file_ref idref="fl-e5"/>
      </object_component>
      <object_component id="oc-7a">
         <name>.debug_frame</name>
         <load_address>0xabd</load_address>
         <run_address>0xabd</run_address>
         <size>0x85</size>
         <input_file_ref idref="fl-e6"/>
      </object_component>
      <object_component id="oc-5e">
         <name>.debug_frame</name>
         <load_address>0xb42</load_address>
         <run_address>0xb42</run_address>
         <size>0x51</size>
         <input_file_ref idref="fl-eb"/>
      </object_component>
      <object_component id="oc-68">
         <name>.debug_frame</name>
         <load_address>0xb93</load_address>
         <run_address>0xb93</run_address>
         <size>0x51</size>
         <input_file_ref idref="fl-ec"/>
      </object_component>
      <object_component id="oc-134">
         <name>.debug_frame</name>
         <load_address>0xbe4</load_address>
         <run_address>0xbe4</run_address>
         <size>0x73</size>
         <input_file_ref idref="fl-ef"/>
      </object_component>
      <object_component id="oc-74">
         <name>.debug_frame</name>
         <load_address>0xc57</load_address>
         <run_address>0xc57</run_address>
         <size>0x51</size>
         <input_file_ref idref="fl-f0"/>
      </object_component>
      <object_component id="oc-6a">
         <name>.debug_frame</name>
         <load_address>0xca8</load_address>
         <run_address>0xca8</run_address>
         <size>0x5c</size>
         <input_file_ref idref="fl-f1"/>
      </object_component>
      <object_component id="oc-cd">
         <name>.debug_frame</name>
         <load_address>0xd04</load_address>
         <run_address>0xd04</run_address>
         <size>0x60</size>
         <input_file_ref idref="fl-f2"/>
      </object_component>
      <object_component id="oc-cf">
         <name>.debug_frame</name>
         <load_address>0xd64</load_address>
         <run_address>0xd64</run_address>
         <size>0x51</size>
         <input_file_ref idref="fl-f3"/>
      </object_component>
      <object_component id="oc-112">
         <name>.debug_abbrev</name>
         <load_address>0x0</load_address>
         <run_address>0x0</run_address>
         <size>0x77</size>
         <input_file_ref idref="fl-2"/>
      </object_component>
      <object_component id="oc-114">
         <name>.debug_abbrev</name>
         <load_address>0x77</load_address>
         <run_address>0x77</run_address>
         <size>0x29</size>
         <input_file_ref idref="fl-2"/>
      </object_component>
      <object_component id="oc-a3">
         <name>.debug_abbrev</name>
         <load_address>0xa0</load_address>
         <run_address>0xa0</run_address>
         <size>0xa9</size>
         <input_file_ref idref="fl-2"/>
      </object_component>
      <object_component id="oc-a6">
         <name>.debug_abbrev</name>
         <load_address>0x149</load_address>
         <run_address>0x149</run_address>
         <size>0x1f</size>
         <input_file_ref idref="fl-2"/>
      </object_component>
      <object_component id="oc-ad">
         <name>.debug_abbrev</name>
         <load_address>0x168</load_address>
         <run_address>0x168</run_address>
         <size>0x35</size>
         <input_file_ref idref="fl-2"/>
      </object_component>
      <object_component id="oc-a9">
         <name>.debug_abbrev</name>
         <load_address>0x19d</load_address>
         <run_address>0x19d</run_address>
         <size>0x68</size>
         <input_file_ref idref="fl-3"/>
      </object_component>
      <object_component id="oc-37">
         <name>.debug_abbrev</name>
         <load_address>0x205</load_address>
         <run_address>0x205</run_address>
         <size>0x29</size>
         <input_file_ref idref="fl-3"/>
      </object_component>
      <object_component id="oc-7f">
         <name>.debug_abbrev</name>
         <load_address>0x22e</load_address>
         <run_address>0x22e</run_address>
         <size>0x79</size>
         <input_file_ref idref="fl-3"/>
      </object_component>
      <object_component id="oc-42">
         <name>.debug_abbrev</name>
         <load_address>0x2a7</load_address>
         <run_address>0x2a7</run_address>
         <size>0x1f</size>
         <input_file_ref idref="fl-3"/>
      </object_component>
      <object_component id="oc-13e">
         <name>.debug_abbrev</name>
         <load_address>0x2c6</load_address>
         <run_address>0x2c6</run_address>
         <size>0xca</size>
         <input_file_ref idref="fl-8"/>
      </object_component>
      <object_component id="oc-159">
         <name>.debug_abbrev</name>
         <load_address>0x390</load_address>
         <run_address>0x390</run_address>
         <size>0x7e</size>
         <input_file_ref idref="fl-14"/>
      </object_component>
      <object_component id="oc-14d">
         <name>.debug_abbrev</name>
         <load_address>0x40e</load_address>
         <run_address>0x40e</run_address>
         <size>0x27</size>
         <input_file_ref idref="fl-14"/>
      </object_component>
      <object_component id="oc-14f">
         <name>.debug_abbrev</name>
         <load_address>0x435</load_address>
         <run_address>0x435</run_address>
         <size>0x27</size>
         <input_file_ref idref="fl-14"/>
      </object_component>
      <object_component id="oc-151">
         <name>.debug_abbrev</name>
         <load_address>0x45c</load_address>
         <run_address>0x45c</run_address>
         <size>0x27</size>
         <input_file_ref idref="fl-14"/>
      </object_component>
      <object_component id="oc-153">
         <name>.debug_abbrev</name>
         <load_address>0x483</load_address>
         <run_address>0x483</run_address>
         <size>0x27</size>
         <input_file_ref idref="fl-14"/>
      </object_component>
      <object_component id="oc-155">
         <name>.debug_abbrev</name>
         <load_address>0x4aa</load_address>
         <run_address>0x4aa</run_address>
         <size>0x27</size>
         <input_file_ref idref="fl-14"/>
      </object_component>
      <object_component id="oc-157">
         <name>.debug_abbrev</name>
         <load_address>0x4d1</load_address>
         <run_address>0x4d1</run_address>
         <size>0x27</size>
         <input_file_ref idref="fl-14"/>
      </object_component>
      <object_component id="oc-14b">
         <name>.debug_abbrev</name>
         <load_address>0x4f8</load_address>
         <run_address>0x4f8</run_address>
         <size>0x29</size>
         <input_file_ref idref="fl-14"/>
      </object_component>
      <object_component id="oc-10d">
         <name>.debug_abbrev</name>
         <load_address>0x521</load_address>
         <run_address>0x521</run_address>
         <size>0x101</size>
         <input_file_ref idref="fl-14"/>
      </object_component>
      <object_component id="oc-145">
         <name>.debug_abbrev</name>
         <load_address>0x622</load_address>
         <run_address>0x622</run_address>
         <size>0xa9</size>
         <input_file_ref idref="fl-1d"/>
      </object_component>
      <object_component id="oc-13f">
         <name>.debug_abbrev</name>
         <load_address>0x6cb</load_address>
         <run_address>0x6cb</run_address>
         <size>0x27</size>
         <input_file_ref idref="fl-1d"/>
      </object_component>
      <object_component id="oc-143">
         <name>.debug_abbrev</name>
         <load_address>0x6f2</load_address>
         <run_address>0x6f2</run_address>
         <size>0x27</size>
         <input_file_ref idref="fl-1d"/>
      </object_component>
      <object_component id="oc-13c">
         <name>.debug_abbrev</name>
         <load_address>0x719</load_address>
         <run_address>0x719</run_address>
         <size>0x27</size>
         <input_file_ref idref="fl-1d"/>
      </object_component>
      <object_component id="oc-141">
         <name>.debug_abbrev</name>
         <load_address>0x740</load_address>
         <run_address>0x740</run_address>
         <size>0x27</size>
         <input_file_ref idref="fl-1d"/>
      </object_component>
      <object_component id="oc-f6">
         <name>.debug_abbrev</name>
         <load_address>0x767</load_address>
         <run_address>0x767</run_address>
         <size>0x12e</size>
         <input_file_ref idref="fl-1d"/>
      </object_component>
      <object_component id="oc-148">
         <name>.debug_abbrev</name>
         <load_address>0x895</load_address>
         <run_address>0x895</run_address>
         <size>0x38</size>
         <input_file_ref idref="fl-1d"/>
      </object_component>
      <object_component id="oc-7e">
         <name>.debug_abbrev</name>
         <load_address>0x8cd</load_address>
         <run_address>0x8cd</run_address>
         <size>0x3e</size>
         <input_file_ref idref="fl-e2"/>
      </object_component>
      <object_component id="oc-116">
         <name>.debug_abbrev</name>
         <load_address>0x90b</load_address>
         <run_address>0x90b</run_address>
         <size>0x2c</size>
         <input_file_ref idref="fl-e3"/>
      </object_component>
      <object_component id="oc-3a">
         <name>.debug_abbrev</name>
         <load_address>0x937</load_address>
         <run_address>0x937</run_address>
         <size>0x6f</size>
         <input_file_ref idref="fl-e3"/>
      </object_component>
      <object_component id="oc-3d">
         <name>.debug_abbrev</name>
         <load_address>0x9a6</load_address>
         <run_address>0x9a6</run_address>
         <size>0x24</size>
         <input_file_ref idref="fl-e3"/>
      </object_component>
      <object_component id="oc-b2">
         <name>.debug_abbrev</name>
         <load_address>0x9ca</load_address>
         <run_address>0x9ca</run_address>
         <size>0x35</size>
         <input_file_ref idref="fl-e3"/>
      </object_component>
      <object_component id="oc-bc">
         <name>.debug_abbrev</name>
         <load_address>0x9ff</load_address>
         <run_address>0x9ff</run_address>
         <size>0x52</size>
         <input_file_ref idref="fl-e4"/>
      </object_component>
      <object_component id="oc-4a">
         <name>.debug_abbrev</name>
         <load_address>0xa51</load_address>
         <run_address>0xa51</run_address>
         <size>0x74</size>
         <input_file_ref idref="fl-e4"/>
      </object_component>
      <object_component id="oc-4d">
         <name>.debug_abbrev</name>
         <load_address>0xac5</load_address>
         <run_address>0xac5</run_address>
         <size>0x24</size>
         <input_file_ref idref="fl-e4"/>
      </object_component>
      <object_component id="oc-b9">
         <name>.debug_abbrev</name>
         <load_address>0xae9</load_address>
         <run_address>0xae9</run_address>
         <size>0x24</size>
         <input_file_ref idref="fl-e4"/>
      </object_component>
      <object_component id="oc-c4">
         <name>.debug_abbrev</name>
         <load_address>0xb0d</load_address>
         <run_address>0xb0d</run_address>
         <size>0x52</size>
         <input_file_ref idref="fl-e5"/>
      </object_component>
      <object_component id="oc-56">
         <name>.debug_abbrev</name>
         <load_address>0xb5f</load_address>
         <run_address>0xb5f</run_address>
         <size>0x74</size>
         <input_file_ref idref="fl-e5"/>
      </object_component>
      <object_component id="oc-59">
         <name>.debug_abbrev</name>
         <load_address>0xbd3</load_address>
         <run_address>0xbd3</run_address>
         <size>0x24</size>
         <input_file_ref idref="fl-e5"/>
      </object_component>
      <object_component id="oc-c1">
         <name>.debug_abbrev</name>
         <load_address>0xbf7</load_address>
         <run_address>0xbf7</run_address>
         <size>0x24</size>
         <input_file_ref idref="fl-e5"/>
      </object_component>
      <object_component id="oc-13a">
         <name>.debug_abbrev</name>
         <load_address>0xc1b</load_address>
         <run_address>0xc1b</run_address>
         <size>0xa8</size>
         <input_file_ref idref="fl-e6"/>
      </object_component>
      <object_component id="oc-12e">
         <name>.debug_abbrev</name>
         <load_address>0xcc3</load_address>
         <run_address>0xcc3</run_address>
         <size>0x29</size>
         <input_file_ref idref="fl-e6"/>
      </object_component>
      <object_component id="oc-de">
         <name>.debug_abbrev</name>
         <load_address>0xcec</load_address>
         <run_address>0xcec</run_address>
         <size>0xba</size>
         <input_file_ref idref="fl-e6"/>
      </object_component>
      <object_component id="oc-110">
         <name>.debug_abbrev</name>
         <load_address>0xda6</load_address>
         <run_address>0xda6</run_address>
         <size>0x3c</size>
         <input_file_ref idref="fl-e7"/>
      </object_component>
      <object_component id="oc-111">
         <name>.debug_abbrev</name>
         <load_address>0xde2</load_address>
         <run_address>0xde2</run_address>
         <size>0x4a</size>
         <input_file_ref idref="fl-e8"/>
      </object_component>
      <object_component id="oc-b6">
         <name>.debug_abbrev</name>
         <load_address>0xe2c</load_address>
         <run_address>0xe2c</run_address>
         <size>0x3e</size>
         <input_file_ref idref="fl-e9"/>
      </object_component>
      <object_component id="oc-be">
         <name>.debug_abbrev</name>
         <load_address>0xe6a</load_address>
         <run_address>0xe6a</run_address>
         <size>0x4f</size>
         <input_file_ref idref="fl-ea"/>
      </object_component>
      <object_component id="oc-c6">
         <name>.debug_abbrev</name>
         <load_address>0xeb9</load_address>
         <run_address>0xeb9</run_address>
         <size>0x53</size>
         <input_file_ref idref="fl-eb"/>
      </object_component>
      <object_component id="oc-c7">
         <name>.debug_abbrev</name>
         <load_address>0xf0c</load_address>
         <run_address>0xf0c</run_address>
         <size>0x55</size>
         <input_file_ref idref="fl-ec"/>
      </object_component>
      <object_component id="oc-e1">
         <name>.debug_abbrev</name>
         <load_address>0xf61</load_address>
         <run_address>0xf61</run_address>
         <size>0x27</size>
         <input_file_ref idref="fl-ed"/>
      </object_component>
      <object_component id="oc-10f">
         <name>.debug_abbrev</name>
         <load_address>0xf88</load_address>
         <run_address>0xf88</run_address>
         <size>0x3e</size>
         <input_file_ref idref="fl-ee"/>
      </object_component>
      <object_component id="oc-168">
         <name>.debug_abbrev</name>
         <load_address>0xfc6</load_address>
         <run_address>0xfc6</run_address>
         <size>0x45</size>
         <input_file_ref idref="fl-ef"/>
      </object_component>
      <object_component id="oc-136">
         <name>.debug_abbrev</name>
         <load_address>0x100b</load_address>
         <run_address>0x100b</run_address>
         <size>0x29</size>
         <input_file_ref idref="fl-ef"/>
      </object_component>
      <object_component id="oc-167">
         <name>.debug_abbrev</name>
         <load_address>0x1034</load_address>
         <run_address>0x1034</run_address>
         <size>0x6f</size>
         <input_file_ref idref="fl-ef"/>
      </object_component>
      <object_component id="oc-127">
         <name>.debug_abbrev</name>
         <load_address>0x10a3</load_address>
         <run_address>0x10a3</run_address>
         <size>0x8e</size>
         <input_file_ref idref="fl-f0"/>
      </object_component>
      <object_component id="oc-d6">
         <name>.debug_abbrev</name>
         <load_address>0x1131</load_address>
         <run_address>0x1131</run_address>
         <size>0x68</size>
         <input_file_ref idref="fl-f0"/>
      </object_component>
      <object_component id="oc-12b">
         <name>.debug_abbrev</name>
         <load_address>0x1199</load_address>
         <run_address>0x1199</run_address>
         <size>0x49</size>
         <input_file_ref idref="fl-f0"/>
      </object_component>
      <object_component id="oc-11b">
         <name>.debug_abbrev</name>
         <load_address>0x11e2</load_address>
         <run_address>0x11e2</run_address>
         <size>0xae</size>
         <input_file_ref idref="fl-f1"/>
      </object_component>
      <object_component id="oc-d4">
         <name>.debug_abbrev</name>
         <load_address>0x1290</load_address>
         <run_address>0x1290</run_address>
         <size>0x7e</size>
         <input_file_ref idref="fl-f1"/>
      </object_component>
      <object_component id="oc-11f">
         <name>.debug_abbrev</name>
         <load_address>0x130e</load_address>
         <run_address>0x130e</run_address>
         <size>0x24</size>
         <input_file_ref idref="fl-f1"/>
      </object_component>
      <object_component id="oc-164">
         <name>.debug_abbrev</name>
         <load_address>0x1332</load_address>
         <run_address>0x1332</run_address>
         <size>0x24</size>
         <input_file_ref idref="fl-f1"/>
      </object_component>
      <object_component id="oc-124">
         <name>.debug_abbrev</name>
         <load_address>0x1356</load_address>
         <run_address>0x1356</run_address>
         <size>0x4b</size>
         <input_file_ref idref="fl-f1"/>
      </object_component>
      <object_component id="oc-15b">
         <name>.debug_abbrev</name>
         <load_address>0x13a1</load_address>
         <run_address>0x13a1</run_address>
         <size>0x9c</size>
         <input_file_ref idref="fl-f2"/>
      </object_component>
      <object_component id="oc-118">
         <name>.debug_abbrev</name>
         <load_address>0x143d</load_address>
         <run_address>0x143d</run_address>
         <size>0x8c</size>
         <input_file_ref idref="fl-f2"/>
      </object_component>
      <object_component id="oc-15f">
         <name>.debug_abbrev</name>
         <load_address>0x14c9</load_address>
         <run_address>0x14c9</run_address>
         <size>0x24</size>
         <input_file_ref idref="fl-f2"/>
      </object_component>
      <object_component id="oc-11a">
         <name>.debug_abbrev</name>
         <load_address>0x14ed</load_address>
         <run_address>0x14ed</run_address>
         <size>0x53</size>
         <input_file_ref idref="fl-f3"/>
      </object_component>
      <object_component id="oc-190">
         <name>.debug_abbrev</name>
         <load_address>0x1540</load_address>
         <run_address>0x1540</run_address>
         <size>0xf</size>
      </object_component>
      <object_component id="oc-a8">
         <name>.debug_str</name>
         <load_address>0x0</load_address>
         <run_address>0x0</run_address>
         <size>0xfa</size>
         <input_file_ref idref="fl-2"/>
      </object_component>
      <object_component id="oc-af">
         <name>.debug_str</name>
         <load_address>0xfa</load_address>
         <run_address>0xfa</run_address>
         <size>0x21e</size>
         <input_file_ref idref="fl-2"/>
      </object_component>
      <object_component id="oc-44">
         <name>.debug_str</name>
         <load_address>0x318</load_address>
         <run_address>0x318</run_address>
         <size>0xfa</size>
         <input_file_ref idref="fl-3"/>
      </object_component>
      <object_component id="oc-14a">
         <name>.debug_str</name>
         <load_address>0x412</load_address>
         <run_address>0x412</run_address>
         <size>0xf8</size>
         <input_file_ref idref="fl-1d"/>
      </object_component>
      <object_component id="oc-3f">
         <name>.debug_str</name>
         <load_address>0x50a</load_address>
         <run_address>0x50a</run_address>
         <size>0x10d</size>
         <input_file_ref idref="fl-e3"/>
      </object_component>
      <object_component id="oc-b4">
         <name>.debug_str</name>
         <load_address>0x617</load_address>
         <run_address>0x617</run_address>
         <size>0x14a</size>
         <input_file_ref idref="fl-e3"/>
      </object_component>
      <object_component id="oc-4f">
         <name>.debug_str</name>
         <load_address>0x761</load_address>
         <run_address>0x761</run_address>
         <size>0x100</size>
         <input_file_ref idref="fl-e4"/>
      </object_component>
      <object_component id="oc-bb">
         <name>.debug_str</name>
         <load_address>0x861</load_address>
         <run_address>0x861</run_address>
         <size>0x12d</size>
         <input_file_ref idref="fl-e4"/>
      </object_component>
      <object_component id="oc-5b">
         <name>.debug_str</name>
         <load_address>0x98e</load_address>
         <run_address>0x98e</run_address>
         <size>0xfa</size>
         <input_file_ref idref="fl-e5"/>
      </object_component>
      <object_component id="oc-c3">
         <name>.debug_str</name>
         <load_address>0xa88</load_address>
         <run_address>0xa88</run_address>
         <size>0x12d</size>
         <input_file_ref idref="fl-e5"/>
      </object_component>
      <object_component id="oc-12d">
         <name>.debug_str</name>
         <load_address>0xbb5</load_address>
         <run_address>0xbb5</run_address>
         <size>0xd6</size>
         <input_file_ref idref="fl-f0"/>
      </object_component>
      <object_component id="oc-121">
         <name>.debug_str</name>
         <load_address>0xc8b</load_address>
         <run_address>0xc8b</run_address>
         <size>0xe2</size>
         <input_file_ref idref="fl-f1"/>
      </object_component>
      <object_component id="oc-166">
         <name>.debug_str</name>
         <load_address>0xd6d</load_address>
         <run_address>0xd6d</run_address>
         <size>0x138</size>
[...]
         <value>0x1531</value>
         <object_component_ref idref="oc-31"/>
      </symbol>
      <symbol id="sm-a2">
         <name>Distance_Measure_Enable</name>
         <value>0x1421</value>
         <object_component_ref idref="oc-31"/>
      </symbol>
      <symbol id="sm-a3">
         <name>risingEdgeMeasured</name>
         <value>0x2000047c</value>
         <object_component_ref idref="oc-9e"/>
      </symbol>
      <symbol id="sm-a4">
         <name>UART_Init</name>
         <value>0x1205</value>
         <object_component_ref idref="oc-31"/>
      </symbol>
      <symbol id="sm-a5">
         <name>UART_OutChar</name>
         <value>0x1255</value>
         <object_component_ref idref="oc-31"/>
      </symbol>
      <symbol id="sm-c6">
         <name>ResetISR</name>
         <value>0x1f0b</value>
         <object_component_ref idref="oc-2b"/>
      </symbol>
      <symbol id="sm-c7">
         <name>g_pfnVectors</name>
         <value>0x0</value>
         <object_component_ref idref="oc-f"/>
      </symbol>
      <symbol id="sm-da">
         <name>CPUbasepriGet</name>
         <value>0x1e99</value>
         <object_component_ref idref="oc-e6"/>
      </symbol>
      <symbol id="sm-db">
         <name>CPUbasepriSet</name>
         <value>0x1e8b</value>
         <object_component_ref idref="oc-e6"/>
      </symbol>
      <symbol id="sm-dc">
         <name>CPUprimask</name>
         <value>0x1e71</value>
         <object_component_ref idref="oc-e6"/>
      </symbol>
      <symbol id="sm-dd">
         <name>CPUcpsie</name>
         <value>0x1e7b</value>
         <object_component_ref idref="oc-e6"/>
      </symbol>
      <symbol id="sm-de">
         <name>CPUcpsid</name>
         <value>0x1e65</value>
         <object_component_ref idref="oc-e6"/>
      </symbol>
      <symbol id="sm-df">
         <name>CPUwfi</name>
         <value>0x1e87</value>
         <object_component_ref idref="oc-e6"/>
      </symbol>
      <symbol id="sm-167">
         <name>IntPendClear</name>
         <value>0x19a9</value>
         <object_component_ref idref="oc-86"/>
      </symbol>
      <symbol id="sm-168">
         <name>IntPriorityGroupingGet</name>
         <value>0x1723</value>
         <object_component_ref idref="oc-86"/>
      </symbol>
      <symbol id="sm-169">
         <name>IntPrioritySet</name>
         <value>0x175b</value>
         <object_component_ref idref="oc-86"/>
      </symbol>
      <symbol id="sm-16a">
         <name>IntIsEnabled</name>
         <value>0x18b3</value>
         <object_component_ref idref="oc-86"/>
      </symbol>
      <symbol id="sm-16b">
         <name>IntEnable</name>
         <value>0x17cf</value>
         <object_component_ref idref="oc-86"/>
      </symbol>
      <symbol id="sm-16c">
         <name>IntTrigger</name>
         <value>0x1a0b</value>
         <object_component_ref idref="oc-86"/>
      </symbol>
      <symbol id="sm-16d">
         <name>IntPriorityMaskSet</name>
         <value>0x19f7</value>
         <object_component_ref idref="oc-86"/>
      </symbol>
      <symbol id="sm-16e">
         <name>IntPriorityGroupingSet</name>
         <value>0x1709</value>
         <object_component_ref idref="oc-86"/>
      </symbol>
      <symbol id="sm-16f">
         <name>IntDisable</name>
         <value>0x1841</value>
         <object_component_ref idref="oc-86"/>
      </symbol>
      <symbol id="sm-170">
         <name>IntRegister</name>
         <value>0x16a3</value>
         <object_component_ref idref="oc-86"/>
      </symbol>
      <symbol id="sm-171">
         <name>IntPriorityGet</name>
         <value>0x17ab</value>
         <object_component_ref idref="oc-86"/>
      </symbol>
      <symbol id="sm-172">
         <name>IntMasterDisable</name>
         <value>0x1693</value>
         <object_component_ref idref="oc-86"/>
      </symbol>
      <symbol id="sm-173">
         <name>IntUnregister</name>
         <value>0x16f5</value>
         <object_component_ref idref="oc-86"/>
      </symbol>
      <symbol id="sm-174">
         <name>IntPriorityMaskGet</name>
         <value>0x1a03</value>
         <object_component_ref idref="oc-86"/>
      </symbol>
      <symbol id="sm-175">
         <name>g_pfnRAMVectors</name>
         <value>0x20000000</value>
         <object_component_ref idref="oc-f8"/>
      </symbol>
      <symbol id="sm-176">
         <name>IntMasterEnable</name>
         <value>0x1683</value>
         <object_component_ref idref="oc-86"/>
      </symbol>
      <symbol id="sm-177">
         <name>IntPendSet</name>
         <value>0x1939</value>
         <object_component_ref idref="oc-86"/>
      </symbol>
      <symbol id="sm-2bb">
         <name>SysCtlGPIOAHBEnable</name>
         <value>0xfff</value>
         <object_component_ref idref="oc-80"/>
      </symbol>
      <symbol id="sm-2bc">
         <name>SysCtlIntRegister</name>
         <value>0x6f9</value>
         <object_component_ref idref="oc-80"/>
      </symbol>
      <symbol id="sm-2bd">
         <name>SysCtlFlashSizeGet</name>
         <value>0x339</value>
         <object_component_ref idref="oc-80"/>
      </symbol>
      <symbol id="sm-2be">
         <name>SysCtlPeripheralDeepSleepEnable</name>
         <value>0x60d</value>
         <object_component_ref idref="oc-80"/>
      </symbol>
      <symbol id="sm-2bf">
         <name>SysCtlLDODeepSleepGet</name>
         <value>0x79f</value>
         <object_component_ref idref="oc-80"/>
      </symbol>
      <symbol id="sm-2c0">
         <name>SysCtlFlashSectorSizeGet</name>
         <value>0x365</value>
         <object_component_ref idref="oc-80"/>
      </symbol>
      <symbol id="sm-2c1">
         <name>SysCtlIntDisable</name>
         <value>0x735</value>
         <object_component_ref idref="oc-80"/>
      </symbol>
      <symbol id="sm-2c2">
         <name>SysCtlResetBehaviorGet</name>
         <value>0x885</value>
         <object_component_ref idref="oc-80"/>
      </symbol>
      <symbol id="sm-2c3">
         <name>SysCtlPeripheralPresent</name>
         <value>0x38d</value>
         <object_component_ref idref="oc-80"/>
      </symbol>
      <symbol id="sm-2c4">
         <name>SysCtlDeepSleepClockSet</name>
         <value>0xf29</value>
         <object_component_ref idref="oc-80"/>
      </symbol>
      <symbol id="sm-2c5">
         <name>SysCtlClockSet</name>
         <value>0xbad</value>
         <object_component_ref idref="oc-80"/>
      </symbol>
      <symbol id="sm-2c6">
         <name>SysCtlAltClkConfig</name>
         <value>0x1191</value>
         <object_component_ref idref="oc-80"/>
      </symbol>
      <symbol id="sm-2c7">
         <name>SysCtlPeripheralClockGating</name>
         <value>0x6a5</value>
         <object_component_ref idref="oc-80"/>
      </symbol>
      <symbol id="sm-2c8">
         <name>SysCtlIntStatus</name>
         <value>0x75d</value>
         <object_component_ref idref="oc-80"/>
      </symbol>
      <symbol id="sm-2c9">
         <name>SysCtlIntClear</name>
         <value>0x74d</value>
         <object_component_ref idref="oc-80"/>
      </symbol>
      <symbol id="sm-2ca">
         <name>SysCtlVoltageEventStatus</name>
         <value>0x1069</value>
         <object_component_ref idref="oc-80"/>
      </symbol>
      <symbol id="sm-2cb">
         <name>SysCtlVoltageEventConfig</name>
         <value>0x1055</value>
         <object_component_ref idref="oc-80"/>
      </symbol>
      <symbol id="sm-2cc">
         <name>SysCtlResetCauseGet</name>
         <value>0x7f5</value>
         <object_component_ref idref="oc-80"/>
      </symbol>
      <symbol id="sm-2cd">
         <name>SysCtlSleep</name>
         <value>0x7d1</value>
         <object_component_ref idref="oc-80"/>
      </symbol>
      <symbol id="sm-2ce">
         <name>SysCtlPWMClockGet</name>
         <value>0xfe9</value>
         <object_component_ref idref="oc-80"/>
      </symbol>
      <symbol id="sm-2cf">
         <name>SysCtlDeepSleepPowerSet</name>
         <value>0x7b9</value>
         <object_component_ref idref="oc-80"/>
      </symbol>
      <symbol id="sm-2d0">
         <name>SysCtlClockOutConfig</name>
         <value>0x1175</value>
         <object_component_ref idref="oc-80"/>
      </symbol>
      <symbol id="sm-2d1">
         <name>SysCtlNMIStatus</name>
         <value>0x1149</value>
         <object_component_ref idref="oc-80"/>
      </symbol>
      <symbol id="sm-2d2">
         <name>SysCtlDeepSleepClockConfigSet</name>
         <value>0xf45</value>
         <object_component_ref idref="oc-80"/>
      </symbol>
      <symbol id="sm-2d3">
         <name>SysCtlDelay</name>
         <value>0x1f17</value>
         <object_component_ref idref="oc-f5"/>
      </symbol>
      <symbol id="sm-2d4">
         <name>SysCtlVoltageEventClear</name>
         <value>0x1075</value>
         <object_component_ref idref="oc-80"/>
      </symbol>
      <symbol id="sm-2d5">
         <name>SysCtlLDOSleepSet</name>
         <value>0x779</value>
         <object_component_ref idref="oc-80"/>
      </symbol>
      <symbol id="sm-2d6">
         <name>SysCtlMOSCConfigSet</name>
         <value>0x80f</value>
         <object_component_ref idref="oc-80"/>
      </symbol>
      <symbol id="sm-2d7">
         <name>SysCtlPeripheralEnable</name>
         <value>0x50d</value>
         <object_component_ref idref="oc-80"/>
      </symbol>
      <symbol id="sm-2d8">
         <name>SysCtlIntEnable</name>
         <value>0x721</value>
         <object_component_ref idref="oc-80"/>
      </symbol>
      <symbol id="sm-2d9">
         <name>SysCtlNMIClear</name>
         <value>0x1159</value>
         <object_component_ref idref="oc-80"/>
      </symbol>
      <symbol id="sm-2da">
         <name>SysCtlPeripheralPowerOff</name>
         <value>0x449</value>
         <object_component_ref idref="oc-80"/>
      </symbol>
      <symbol id="sm-2db">
         <name>SysCtlSleepPowerSet</name>
         <value>0x7a5</value>
         <object_component_ref idref="oc-80"/>
      </symbol>
      <symbol id="sm-2dc">
         <name>SysCtlDeepSleep</name>
         <value>0x7d9</value>
         <object_component_ref idref="oc-80"/>
      </symbol>
      <symbol id="sm-2dd">
         <name>SysCtlLDODeepSleepSet</name>
         <value>0x78f</value>
         <object_component_ref idref="oc-80"/>
      </symbol>
      <symbol id="sm-2de">
         <name>SysCtlPeripheralPowerOn</name>
         <value>0x40d</value>
         <object_component_ref idref="oc-80"/>
      </symbol>
      <symbol id="sm-2df">
         <name>SysCtlPeripheralDeepSleepDisable</name>
         <value>0x65d</value>
         <object_component_ref idref="oc-80"/>
      </symbol>
      <symbol id="sm-2e0">
         <name>SysCtlPeripheralSleepDisable</name>
         <value>0x5d1</value>
         <object_component_ref idref="oc-80"/>
      </symbol>
      <symbol id="sm-2e1">
         <name>SysCtlVCOGet</name>
         <value>0x1089</value>
         <object_component_ref idref="oc-80"/>
      </symbol>
      <symbol id="sm-2e2">
         <name>SysCtlResetBehaviorSet</name>
         <value>0x875</value>
         <object_component_ref idref="oc-80"/>
      </symbol>
      <symbol id="sm-2e3">
         <name>SysCtlReset</name>
         <value>0x7c9</value>
         <object_component_ref idref="oc-80"/>
      </symbol>
      <symbol id="sm-2e4">
         <name>SysCtlGPIOAHBDisable</name>
         <value>0x101b</value>
         <object_component_ref idref="oc-80"/>
      </symbol>
      <symbol id="sm-2e5">
         <name>SysCtlSRAMSizeGet</name>
         <value>0x32f</value>
         <object_component_ref idref="oc-80"/>
      </symbol>
      <symbol id="sm-2e6">
         <name>SysCtlClockGet</name>
         <value>0xd7d</value>
         <object_component_ref idref="oc-80"/>
      </symbol>
      <symbol id="sm-2e7">
         <name>SysCtlPeripheralDisable</name>
         <value>0x549</value>
         <object_component_ref idref="oc-80"/>
      </symbol>
      <symbol id="sm-2e8">
         <name>SysCtlPWMClockSet</name>
         <value>0xfcf</value>
         <object_component_ref idref="oc-80"/>
      </symbol>
      <symbol id="sm-2e9">
         <name>SysCtlUSBPLLEnable</name>
         <value>0x1037</value>
         <object_component_ref idref="oc-80"/>
      </symbol>
      <symbol id="sm-2ea">
         <name>SysCtlPeripheralSleepEnable</name>
         <value>0x58d</value>
         <object_component_ref idref="oc-80"/>
      </symbol>
      <symbol id="sm-2eb">
         <name>SysCtlIntUnregister</name>
         <value>0x711</value>
         <object_component_ref idref="oc-80"/>
      </symbol>
      <symbol id="sm-2ec">
         <name>SysCtlUSBPLLDisable</name>
         <value>0x1043</value>
         <object_component_ref idref="oc-80"/>
      </symbol>
      <symbol id="sm-2ed">
         <name>SysCtlPeripheralReady</name>
         <value>0x3cd</value>
         <object_component_ref idref="oc-80"/>
      </symbol>
      <symbol id="sm-2ee">
         <name>SysCtlPIOSCCalibrate</name>
         <value>0x825</value>
         <object_component_ref idref="oc-80"/>
      </symbol>
      <symbol id="sm-2ef">
         <name>SysCtlResetCauseClear</name>
         <value>0x7fb</value>
         <object_component_ref idref="oc-80"/>
      </symbol>
      <symbol id="sm-2f0">
         <name>SysCtlLDOSleepGet</name>
         <value>0x789</value>
         <object_component_ref idref="oc-80"/>
      </symbol>
      <symbol id="sm-2f1">
         <name>SysCtlClockFreqSet</name>
         <value>0x8d9</value>
         <object_component_ref idref="oc-80"/>
      </symbol>
      <symbol id="sm-2f2">
         <name>SysCtlPeripheralReset</name>
         <value>0x485</value>
         <object_component_ref idref="oc-80"/>
      </symbol>
      <symbol id="sm-30a">
         <name>_c_int00</name>
         <value>0x1d2d</value>
         <object_component_ref idref="oc-24"/>
      </symbol>
      <symbol id="sm-30b">
         <name>__stack</name>
         <value>0x2000026c</value>
         <object_component_ref idref="oc-2a"/>
      </symbol>
      <symbol id="sm-329">
         <name>__TI_decompress_lzss</name>
         <value>0x1cc5</value>
         <object_component_ref idref="oc-12"/>
      </symbol>
      <symbol id="sm-340">
         <name>__TI_decompress_none</name>
         <value>0x1ef1</value>
         <object_component_ref idref="oc-18"/>
      </symbol>
      <symbol id="sm-357">
         <name>__TI_zero_init</name>
         <value>0x1eff</value>
         <object_component_ref idref="oc-1e"/>
      </symbol>
      <symbol id="sm-378">
         <name>C$$EXIT</name>
         <value>0x1d81</value>
         <object_component_ref idref="oc-75"/>
      </symbol>
      <symbol id="sm-379">
         <name>abort</name>
         <value>0x1d85</value>
         <object_component_ref idref="oc-75"/>
      </symbol>
      <symbol id="sm-37a">
         <name>exit</name>
         <value>0x1d8d</value>
         <object_component_ref idref="oc-75"/>
      </symbol>
      <symbol id="sm-37b">
         <name>__TI_dtors_ptr</name>
         <value>0x20000470</value>
         <object_component_ref idref="oc-d8"/>
      </symbol>
      <symbol id="sm-37c">
         <name>__TI_cleanup_ptr</name>
         <value>0x2000046c</value>
         <object_component_ref idref="oc-d8"/>
      </symbol>
      <symbol id="sm-37d">
         <name>__TI_enable_exit_profile_output</name>
         <value>0x20000474</value>
         <object_component_ref idref="oc-d8"/>
      </symbol>
      <symbol id="sm-388">
         <name>__aeabi_dmul</name>
         <value>0x1a41</value>
         <object_component_ref idref="oc-91"/>
      </symbol>
      <symbol id="sm-392">
         <name>__aeabi_d2uiz</name>
         <value>0x1e21</value>
         <object_component_ref idref="oc-96"/>
      </symbol>
      <symbol id="sm-3ad">
         <name>memcpy</name>
         <value>0x1b3d</value>
         <object_component_ref idref="oc-45"/>
      </symbol>
      <symbol id="sm-3ae">
         <name>__aeabi_memcpy</name>
         <value>0x1b3d</value>
         <object_component_ref idref="oc-45"/>
      </symbol>
      <symbol id="sm-3af">
         <name>__aeabi_memcpy8</name>
         <value>0x1b3d</value>
         <object_component_ref idref="oc-45"/>
      </symbol>
      <symbol id="sm-3b0">
         <name>__aeabi_memcpy4</name>
         <value>0x1b3d</value>
         <object_component_ref idref="oc-45"/>
      </symbol>
      <symbol id="sm-3bf">
         <name>__aeabi_memset</name>
         <value>0x1bdb</value>
         <object_component_ref idref="oc-51"/>
      </symbol>
      <symbol id="sm-3c0">
         <name>memset</name>
         <value>0x1be1</value>
         <object_component_ref idref="oc-51"/>
      </symbol>
      <symbol id="sm-3c1">
         <name>__aeabi_memset8</name>
         <value>0x1bdb</value>
         <object_component_ref idref="oc-51"/>
      </symbol>
      <symbol id="sm-3c2">
         <name>__aeabi_memset4</name>
         <value>0x1bdb</value>
         <object_component_ref idref="oc-51"/>
      </symbol>
      <symbol id="sm-3c3">
         <name>__aeabi_memclr8</name>
         <value>0x1bd9</value>
         <object_component_ref idref="oc-51"/>
      </symbol>
      <symbol id="sm-3c4">
         <name>__aeabi_memclr4</name>
         <value>0x1bd9</value>
         <object_component_ref idref="oc-51"/>
      </symbol>
      <symbol id="sm-3c5">
         <name>__aeabi_memclr</name>
         <value>0x1bd9</value>
         <object_component_ref idref="oc-51"/>
      </symbol>
      <symbol id="sm-3cf">
         <name>__mpu_init</name>
         <value>0x1c53</value>
         <object_component_ref idref="oc-5d"/>
      </symbol>
      <symbol id="sm-3d9">
         <name>_system_pre_init</name>
         <value>0x1f1d</value>
         <object_component_ref idref="oc-63"/>
      </symbol>
      <symbol id="sm-3e1">
         <name>main_func_sp</name>
         <value>0x2000048c</value>
         <object_component_ref idref="oc-7b"/>
      </symbol>
      <symbol id="sm-3eb">
         <name>__aeabi_ui2d</name>
         <value>0x1ea3</value>
         <object_component_ref idref="oc-8c"/>
      </symbol>
      <symbol id="sm-404">
         <name>_nop</name>
         <value>0x1eeb</value>
         <object_component_ref idref="oc-130"/>
      </symbol>
      <symbol id="sm-405">
         <name>_lock</name>
         <value>0x20000484</value>
         <object_component_ref idref="oc-db"/>
      </symbol>
      <symbol id="sm-406">
         <name>_unlock</name>
         <value>0x20000488</value>
         <object_component_ref idref="oc-db"/>
      </symbol>
      <symbol id="sm-407">
         <name>_register_lock</name>
         <value>0x1ee3</value>
         <object_component_ref idref="oc-130"/>
      </symbol>
      <symbol id="sm-408">
         <name>_register_unlock</name>
         <value>0x1edd</value>
         <object_component_ref idref="oc-130"/>
      </symbol>
      <symbol id="sm-41c">
         <name>_args_main</name>
         <value>0x1ec5</value>
         <object_component_ref idref="oc-6f"/>
      </symbol>
      <symbol id="sm-446">
         <name>__TI_auto_init</name>
         <value>0x1c55</value>
         <object_component_ref idref="oc-69"/>
      </symbol>
      <symbol id="sm-460">
         <name>copy_in</name>
         <value>0x1dd5</value>
         <object_component_ref idref="oc-c8"/>
      </symbol>
      <symbol id="sm-46a">
         <name>_system_post_cinit</name>
         <value>0x1ec3</value>
         <object_component_ref idref="oc-ce"/>
      </symbol>
      <symbol id="sm-46b">
         <name>__TI_static_base__</name>
         <value>0x0</value>
      </symbol>
      <symbol id="sm-46e">
         <name>SHT$$INIT_ARRAY$$Limit</name>
         <value>0x0</value>
      </symbol>
      <symbol id="sm-46f">
         <name>SHT$$INIT_ARRAY$$Base</name>
         <value>0x0</value>
      </symbol>
   </symbol_table>
   <title>Link successful</title>
</link_info>
