******************************************************************************
                  TI ARM Linker PC v16.9.0                     
******************************************************************************
>> Linked Mon Dec 23 17:38:21 2019

OUTPUT FILE NAME:   <UltrasoundDistanceDriver.out>
ENTRY POINT SYMBOL: "_c_int00"  address: 00001d2d


MEMORY CONFIGURATION

         name            origin    length      used     unused   attr    fill
----------------------  --------  ---------  --------  --------  ----  --------
  FLASH                 00000000   00040000  000022d0  0003dd30  R  X
  SRAM                  20000000   00008000  0000049a  00007b66  RW X


SEGMENT ALLOCATION MAP

run origin  load origin   length   init length attrs members
----------  ----------- ---------- ----------- ----- -------
00000000    00000000    000022d0   000022d0    r-x
  00000000    00000000    0000026c   0000026c    r-- .intvecs
  0000026c    0000026c    00001cb4   00001cb4    r-x .text
  00001f20    00001f20    00000360   00000360    r-- .const
  00002280    00002280    00000050   00000050    r-- .cinit
20000000    20000000    0000049a   00000000    rw-
  20000000    20000000    0000026c   00000000    rw- .vtable
  2000026c    2000026c    00000200   00000000    rw- .stack
  2000046c    2000046c    00000024   00000000    rw- .data
  20000490    20000490    0000000a   00000000    rw- .bss


SECTION ALLOCATION MAP

 output                                  attributes/
section   page    origin      length       input sections
--------  ----  ----------  ----------   ----------------
.intvecs   0    00000000    0000026c     
                  00000000    0000026c     tm4c123gh6pm_startup_ccs.obj (.intvecs)

.text      0    0000026c    00001cb4     
                  0000026c    00000f68     sysctl.obj (.text)
                  000011d4    000004ac     HC-S04_Driver.obj (.text)
                  00001680    000003c0     interrupt.obj (.text)
                  00001a40    000000fc     rtsv7M4_T_le_v4SPD16_eabi.lib : fd_mul_t2.obj (.text)
                  00001b3c    0000009c                                   : memcpy_t2.obj (.text)
                  00001bd8    0000007a                                   : memset_t2.obj (.text)
                  00001c52    00000002                                   : mpu_init.obj (.text)
                  00001c54    00000070                                   : autoinit.obj (.text)
                  00001cc4    00000068                                   : copy_decompress_lzss.obj (.text:decompress:lzss)
                  00001d2c    00000054                                   : boot.obj (.text)
                  00001d80    00000054                                   : exit.obj (.text)
                  00001dd4    0000004c                                   : cpy_tbl.obj (.text)
                  00001e20    00000044                                   : fd_tou_t2.obj (.text)
                  00001e64    0000003e     cpu.obj (.text)
                  00001ea2    00000020     rtsv7M4_T_le_v4SPD16_eabi.lib : u_tofd_t2.obj (.text)
                  00001ec2    00000002                                   : startup.obj (.text)
                  00001ec4    00000018                                   : args_main.obj (.text)
                  00001edc    00000014                                   : _lock.obj (.text)
                  00001ef0    0000000e                                   : copy_decompress_none.obj (.text:decompress:none)
                  00001efe    0000000c                                   : copy_zero_init.obj (.text:decompress:ZI)
                  00001f0a    0000000c     tm4c123gh6pm_startup_ccs.obj (.text)
                  00001f16    00000006     sysctl.obj (.text:SysCtlDelay)
                  00001f1c    00000004     rtsv7M4_T_le_v4SPD16_eabi.lib : pre_init.obj (.text)

.const     0    00001f20    00000360     
                  00001f20    000001b0     sysctl.obj (.const:g_pppui32XTALtoVCO)
                  000020d0    0000009c     interrupt.obj (.const:g_pui32Regs)
                  0000216c    0000006c     sysctl.obj (.const:g_pui32Xtals)
                  000021d8    00000030     sysctl.obj (.const:g_sXTALtoMEMTIM)
                  00002208    00000020     interrupt.obj (.const:g_pui32Priority)
                  00002228    00000014     interrupt.obj (.const:g_pui32Dii16Regs)
                  0000223c    00000014     interrupt.obj (.const:g_pui32EnRegs)
                  00002250    00000014     interrupt.obj (.const:g_pui32PendRegs)
                  00002264    00000014     interrupt.obj (.const:g_pui32UnpendRegs)
                  00002278    00000008     sysctl.obj (.const:g_pui32VCOFrequencies)

.cinit     0    00002280    00000050     
                  00002280    00000015     (.cinit..data.load) [load image, compression = lzss]
                  00002295    00000003     --HOLE-- [fill = 0]
                  00002298    0000000c     (__TI_handler_table)
                  000022a4    00000004     --HOLE-- [fill = 0]
                  000022a8    00000008     (.cinit..bss.load) [load image, compression = zero_init]
                  000022b0    00000008     (.cinit..vtable.load) [load image, compression = zero_init]
                  000022b8    00000018     (__TI_cinit_table)

.init_array 
*          0    00000000    00000000     UNINITIALIZED

.vtable    0    20000000    0000026c     UNINITIALIZED
                  20000000    0000026c     interrupt.obj (.vtable)

.stack     0    2000026c    00000200     UNINITIALIZED
                  2000026c    00000200     --HOLE--

.data      0    2000046c    00000024     UNINITIALIZED
                  2000046c    0000000c     rtsv7M4_T_le_v4SPD16_eabi.lib : exit.obj (.data:$O1$$)
                  20000478    0000000c     HC-S04_Driver.obj (.data)
                  20000484    00000008     rtsv7M4_T_le_v4SPD16_eabi.lib : _lock.obj (.data:$O1$$)
                  2000048c    00000004                                   : stkdepth_vars.obj (.data)

.bss       0    20000490    0000000a     UNINITIALIZED
                  20000490    00000004     (.common:count)
                  20000494    00000004     (.common:overFlowCount)
                  20000498    00000002     (.common:distanceCM)

MODULE SUMMARY

       Module                         code   ro data   rw data
       ------                         ----   -------   -------
    .\
       HC-S04_Driver.obj              1196   0         22     
       tm4c123gh6pm_startup_ccs.obj   12     620       0      
    +--+------------------------------+------+---------+---------+
       Total:                         1208   620       22     
                                                              
    .\driverlib\
       sysctl.obj                     3950   596       0      
       interrupt.obj                  960    268       620    
       cpu.obj                        62     0         0      
    +--+------------------------------+------+---------+---------+
       Total:                         4972   864       620    
                                                              
    C:\ti\ccsv7\tools\compiler\ti-cgt-arm_16.9.0.LTS\lib\rtsv7M4_T_le_v4SPD16_eabi.lib
       fd_mul_t2.obj                  252    0         0      
       memcpy_t2.obj                  156    0         0      
       memset_t2.obj                  122    0         0      
       autoinit.obj                   112    0         0      
       copy_decompress_lzss.obj       104    0         0      
       exit.obj                       84     0         12     
       boot.obj                       84     0         0      
       cpy_tbl.obj                    76     0         0      
       fd_tou_t2.obj                  68     0         0      
       u_tofd_t2.obj                  32     0         0      
       _lock.obj                      20     0         8      
       args_main.obj                  24     0         0      
       copy_decompress_none.obj       14     0         0      
       copy_zero_init.obj             12     0         0      
       pre_init.obj                   4      0         0      
       stkdepth_vars.obj              0      0         4      
       mpu_init.obj                   2      0         0      
       startup.obj                    2      0         0      
    +--+------------------------------+------+---------+---------+
       Total:                         1168   0         24     
                                                              
       Stack:                         0      0         512    
       Linker Generated:              0      73        0      
    +--+------------------------------+------+---------+---------+
       Grand Total:                   7348   1557      1178   


LINKER GENERATED COPY TABLES

__TI_cinit_table @ 000022b8 records: 3, size/record: 8, table size: 24
	.data: load addr=00002280, load size=00000015 bytes, run addr=2000046c, run size=00000024 bytes, compression=lzss
	.bss: load addr=000022a8, load size=00000008 bytes, run addr=20000490, run size=0000000a bytes, compression=zero_init
	.vtable: load addr=000022b0, load size=00000008 bytes, run addr=20000000, run size=0000026c bytes, compression=zero_init


LINKER GENERATED HANDLER TABLE

__TI_handler_table @ 00002298 records: 3, size/record: 4, table size: 12
	index: 0, handler: __TI_zero_init
	index: 1, handler: __TI_decompress_lzss
	index: 2, handler: __TI_decompress_none


GLOBAL SYMBOLS: SORTED ALPHABETICALLY BY Name 

address   name                            
-------   ----                            
00001d81  C$$EXIT                         
00001e99  CPUbasepriGet                   
00001e8b  CPUbasepriSet                   
00001e65  CPUcpsid                        
00001e7b  CPUcpsie                        
00001e71  CPUprimask                      
00001e87  CPUwfi                          
00001421  Distance_Measure_Enable         
000012df  EnableEdgeModeTimers            
000015b1  Initialize_HCS04                
00001841  IntDisable                      
000017cf  IntEnable                       
000018b3  IntIsEnabled                    
00001693  IntMasterDisable                
00001683  IntMasterEnable                 
000019a9  IntPendClear                    
00001939  IntPendSet                      
000017ab  IntPriorityGet                  
00001723  IntPriorityGroupingGet          
00001709  IntPriorityGroupingSet          
00001a03  IntPriorityMaskGet              
000019f7  IntPriorityMaskSet              
0000175b  IntPrioritySet                  
000016a3  IntRegister                     
00001a0b  IntTrigger                      
000016f5  IntUnregister                   
00001f0b  ResetISR                        
0000142f  Restart_measurement             
UNDEFED   SHT$$INIT_ARRAY$$Base           
UNDEFED   SHT$$INIT_ARRAY$$Limit          
00001191  SysCtlAltClkConfig              
000008d9  SysCtlClockFreqSet              
00000d7d  SysCtlClockGet                  
00001175  SysCtlClockOutConfig            
00000bad  SysCtlClockSet                  
000007d9  SysCtlDeepSleep                 
00000f45  SysCtlDeepSleepClockConfigSet   
00000f29  SysCtlDeepSleepClockSet         
000007b9  SysCtlDeepSleepPowerSet         
00001f17  SysCtlDelay                     
00000365  SysCtlFlashSectorSizeGet        
00000339  SysCtlFlashSizeGet              
0000101b  SysCtlGPIOAHBDisable            
00000fff  SysCtlGPIOAHBEnable             
0000074d  SysCtlIntClear                  
00000735  SysCtlIntDisable                
00000721  SysCtlIntEnable                 
000006f9  SysCtlIntRegister               
0000075d  SysCtlIntStatus                 
00000711  SysCtlIntUnregister             
0000079f  SysCtlLDODeepSleepGet           
0000078f  SysCtlLDODeepSleepSet           
00000789  SysCtlLDOSleepGet               
00000779  SysCtlLDOSleepSet               
0000080f  SysCtlMOSCConfigSet             
00001159  SysCtlNMIClear                  
00001149  SysCtlNMIStatus                 
00000825  SysCtlPIOSCCalibrate            
00000fe9  SysCtlPWMClockGet               
00000fcf  SysCtlPWMClockSet               
000006a5  SysCtlPeripheralClockGating     
0000065d  SysCtlPeripheralDeepSleepDisable
0000060d  SysCtlPeripheralDeepSleepEnable 
00000549  SysCtlPeripheralDisable         
0000050d  SysCtlPeripheralEnable          
00000449  SysCtlPeripheralPowerOff        
0000040d  SysCtlPeripheralPowerOn         
0000038d  SysCtlPeripheralPresent         
000003cd  SysCtlPeripheralReady           
00000485  SysCtlPeripheralReset           
000005d1  SysCtlPeripheralSleepDisable    
0000058d  SysCtlPeripheralSleepEnable     
000007c9  SysCtlReset                     
00000885  SysCtlResetBehaviorGet          
00000875  SysCtlResetBehaviorSet          
000007fb  SysCtlResetCauseClear           
000007f5  SysCtlResetCauseGet             
0000032f  SysCtlSRAMSizeGet               
000007d1  SysCtlSleep                     
000007a5  SysCtlSleepPowerSet             
00001043  SysCtlUSBPLLDisable             
00001037  SysCtlUSBPLLEnable              
00001089  SysCtlVCOGet                    
00001075  SysCtlVoltageEventClear         
00001055  SysCtlVoltageEventConfig        
00001069  SysCtlVoltageEventStatus        
00001445  Timer0A_Handler                 
000014f9  Timer0B_Handler                 
0000139d  Timer1AB_Init                   
0000150b  Timer1A_Handler                 
00001531  Timer1B_Handler                 
00001581  Timer2A_Handler                 
000012a1  TriggerSignalEnable             
00001205  UART_Init                       
00001255  UART_OutChar                    
00001271  UART_OutUDec                    
2000046c  __STACK_END                     
00000200  __STACK_SIZE                    
2000046c  __STACK_TOP                     
000022b8  __TI_CINIT_Base                 
000022d0  __TI_CINIT_Limit                
00002298  __TI_Handler_Table_Base         
000022a4  __TI_Handler_Table_Limit        
00001c55  __TI_auto_init                  
2000046c  __TI_cleanup_ptr                
00001cc5  __TI_decompress_lzss            
00001ef1  __TI_decompress_none            
20000470  __TI_dtors_ptr                  
20000474  __TI_enable_exit_profile_output 
ffffffff  __TI_pprof_out_hndl             
ffffffff  __TI_prof_data_size             
ffffffff  __TI_prof_data_start            
00000000  __TI_static_base__              
00001eff  __TI_zero_init                  
00001e21  __aeabi_d2uiz                   
00001a41  __aeabi_dmul                    
00001bd9  __aeabi_memclr                  
00001bd9  __aeabi_memclr4                 
00001bd9  __aeabi_memclr8                 
00001b3d  __aeabi_memcpy                  
00001b3d  __aeabi_memcpy4                 
00001b3d  __aeabi_memcpy8                 
00001bdb  __aeabi_memset                  
00001bdb  __aeabi_memset4                 
00001bdb  __aeabi_memset8                 
00001ea3  __aeabi_ui2d                    
ffffffff  __binit__                       
ffffffff  __c_args__                      
00001c53  __mpu_init                      
2000026c  __stack                         
00001ec5  _args_main                      
00001d2d  _c_int00                        
20000484  _lock                           
00001eeb  _nop                            
00001ee3  _register_lock                  
00001edd  _register_unlock                
00001ec3  _system_post_cinit              
00001f1d  _system_pre_init                
20000488  _unlock                         
00001d85  abort                           
ffffffff  binit                           
00001dd5  copy_in                         
20000490  count                           
20000498  distanceCM                      
00001d8d  exit                            
20000000  g_pfnRAMVectors                 
00000000  g_pfnVectors                    
000011d5  main                            
2000048c  main_func_sp                    
20000480  measured                        
00001b3d  memcpy                          
00001be1  memset                          
20000494  overFlowCount                   
20000478  pulseWidth                      
2000047c  risingEdgeMeasured              


GLOBAL SYMBOLS: SORTED BY Symbol Address 

address   name                            
-------   ----                            
00000000  __TI_static_base__              
00000000  g_pfnVectors                    
00000200  __STACK_SIZE                    
0000032f  SysCtlSRAMSizeGet               
00000339  SysCtlFlashSizeGet              
00000365  SysCtlFlashSectorSizeGet        
0000038d  SysCtlPeripheralPresent         
000003cd  SysCtlPeripheralReady           
0000040d  SysCtlPeripheralPowerOn         
00000449  SysCtlPeripheralPowerOff        
00000485  SysCtlPeripheralReset           
0000050d  SysCtlPeripheralEnable          
00000549  SysCtlPeripheralDisable         
0000058d  SysCtlPeripheralSleepEnable     
000005d1  SysCtlPeripheralSleepDisable    
0000060d  SysCtlPeripheralDeepSleepEnable 
0000065d  SysCtlPeripheralDeepSleepDisable
000006a5  SysCtlPeripheralClockGating     
000006f9  SysCtlIntRegister               
00000711  SysCtlIntUnregister             
00000721  SysCtlIntEnable                 
00000735  SysCtlIntDisable                
0000074d  SysCtlIntClear                  
0000075d  SysCtlIntStatus                 
00000779  SysCtlLDOSleepSet               
00000789  SysCtlLDOSleepGet               
0000078f  SysCtlLDODeepSleepSet           
0000079f  SysCtlLDODeepSleepGet           
000007a5  SysCtlSleepPowerSet             
000007b9  SysCtlDeepSleepPowerSet         
000007c9  SysCtlReset                     
000007d1  SysCtlSleep                     
000007d9  SysCtlDeepSleep                 
000007f5  SysCtlResetCauseGet             
000007fb  SysCtlResetCauseClear           
0000080f  SysCtlMOSCConfigSet             
00000825  SysCtlPIOSCCalibrate            
00000875  SysCtlResetBehaviorSet          
00000885  SysCtlResetBehaviorGet          
000008d9  SysCtlClockFreqSet              
00000bad  SysCtlClockSet                  
00000d7d  SysCtlClockGet                  
00000f29  SysCtlDeepSleepClockSet         
00000f45  SysCtlDeepSleepClockConfigSet   
00000fcf  SysCtlPWMClockSet               
00000fe9  SysCtlPWMClockGet               
00000fff  SysCtlGPIOAHBEnable             
0000101b  SysCtlGPIOAHBDisable            
00001037  SysCtlUSBPLLEnable              
00001043  SysCtlUSBPLLDisable             
00001055  SysCtlVoltageEventConfig        
00001069  SysCtlVoltageEventStatus        
00001075  SysCtlVoltageEventClear         
00001089  SysCtlVCOGet                    
00001149  SysCtlNMIStatus                 
00001159  SysCtlNMIClear                  
00001175  SysCtlClockOutConfig            
00001191  SysCtlAltClkConfig              
000011d5  main                            
00001205  UART_Init                       
00001255  UART_OutChar                    
00001271  UART_OutUDec                    
000012a1  TriggerSignalEnable             
000012df  EnableEdgeModeTimers            
0000139d  Timer1AB_Init                   
00001421  Distance_Measure_Enable         
0000142f  Restart_measurement             
00001445  Timer0A_Handler                 
000014f9  Timer0B_Handler                 
0000150b  Timer1A_Handler                 
00001531  Timer1B_Handler                 
00001581  Timer2A_Handler                 
000015b1  Initialize_HCS04                
00001683  IntMasterEnable                 
00001693  IntMasterDisable                
000016a3  IntRegister                     
000016f5  IntUnregister                   
00001709  IntPriorityGroupingSet          
00001723  IntPriorityGroupingGet          
0000175b  IntPrioritySet                  
000017ab  IntPriorityGet                  
000017cf  IntEnable                       
00001841  IntDisable                      
000018b3  IntIsEnabled                    
00001939  IntPendSet                      
000019a9  IntPendClear                    
000019f7  IntPriorityMaskSet              
00001a03  IntPriorityMaskGet              
00001a0b  IntTrigger                      
00001a41  __aeabi_dmul                    
00001b3d  __aeabi_memcpy                  
00001b3d  __aeabi_memcpy4                 
00001b3d  __aeabi_memcpy8                 
00001b3d  memcpy                          
00001bd9  __aeabi_memclr                  
00001bd9  __aeabi_memclr4                 
00001bd9  __aeabi_memclr8                 
00001bdb  __aeabi_memset                  
00001bdb  __aeabi_memset4                 
00001bdb  __aeabi_memset8                 
00001be1  memset                          
00001c53  __mpu_init                      
00001c55  __TI_auto_init                  
00001cc5  __TI_decompress_lzss            
00001d2d  _c_int00                        
00001d81  C$$EXIT                         
00001d85  abort                           
00001d8d  exit                            
00001dd5  copy_in                         
00001e21  __aeabi_d2uiz                   
00001e65  CPUcpsid                        
00001e71  CPUprimask                      
00001e7b  CPUcpsie                        
00001e87  CPUwfi                          
00001e8b  CPUbasepriSet                   
00001e99  CPUbasepriGet                   
00001ea3  __aeabi_ui2d                    
00001ec3  _system_post_cinit              
00001ec5  _args_main                      
00001edd  _register_unlock                
00001ee3  _register_lock                  
00001eeb  _nop                            
00001ef1  __TI_decompress_none            
00001eff  __TI_zero_init                  
00001f0b  ResetISR                        
00001f17  SysCtlDelay                     
00001f1d  _system_pre_init                
00002298  __TI_Handler_Table_Base         
000022a4  __TI_Handler_Table_Limit        
000022b8  __TI_CINIT_Base                 
000022d0  __TI_CINIT_Limit                
20000000  g_pfnRAMVectors                 
2000026c  __stack                         
2000046c  __STACK_END                     
2000046c  __STACK_TOP                     
2000046c  __TI_cleanup_ptr                
20000470  __TI_dtors_ptr                  
20000474  __TI_enable_exit_profile_output 
20000478  pulseWidth                      
2000047c  risingEdgeMeasured              
20000480  measured                        
20000484  _lock                           
20000488  _unlock                         
2000048c  main_func_sp                    
20000490  count                           
20000494  overFlowCount                   
20000498  distanceCM                      
ffffffff  __TI_pprof_out_hndl             
ffffffff  __TI_prof_data_size             
ffffffff  __TI_prof_data_start            
ffffffff  __binit__                       
ffffffff  __c_args__                      
ffffffff  binit                           
UNDEFED   SHT$$INIT_ARRAY$$Base           
UNDEFED   SHT$$INIT_ARRAY$$Limit          

[155 symbols]
